******************************************************************************
                  TI ARM Linker PC v5.2.0                      
******************************************************************************
>> Linked Tue Feb 10 19:26:36 2015

OUTPUT FILE NAME:   <Foton.out>
ENTRY POINT SYMBOL: "_c_int00"  address: 2000a6b5


MEMORY CONFIGURATION

         name            origin    length      used     unused   attr    fill
----------------------  --------  ---------  --------  --------  ----  --------
  SRAM_CODE             20004000   00013000  0000732a  0000bcd6  RW X
  SRAM_DATA             20017000   00019000  00004a29  000145d7  RW X


SEGMENT ALLOCATION MAP

run origin  load origin   length   init length attrs members
----------  ----------- ---------- ----------- ----- -------
20004000    20004000    00007330   00007330    r-x
  20004000    20004000    00000400   00000400    r-- .intvecs
  20004400    20004400    00006a46   00006a46    r-x .text
  2000ae48    2000ae48    00000410   00000410    r-- .const
  2000b258    2000b258    00000004   00000004    r-- .init_array
  2000b260    2000b260    000000d0   000000d0    r-- .cinit
20017000    20017000    00004930   00000000    rw-
  20017000    20017000    00004000   00000000    rw- .sysmem
  2001b000    2001b000    00000739   00000000    rw- .bss
  2001b740    2001b740    000001f0   00000000    rw- .data
2002ff00    2002ff00    00000100   00000000    rw-
  2002ff00    2002ff00    00000100   00000000    rw- .stack


SECTION ALLOCATION MAP

 output                                  attributes/
section   page    origin      length       input sections
--------  ----  ----------  ----------   ----------------
.intvecs   0    20004000    00000400     
                  20004000    00000400     startup_ccs.obj (.intvecs)

.text      0    20004400    00006a46     
                  20004400    00001258     free_rtos.a : tasks.obj (.text)
                  20005658    000010a6     rtsv7M4_T_le_eabi.lib : _printfi.obj (.text)
                  200066fe    00000002     driverlib.a : interrupt.obj (.text:IntDefaultHandler)
                  20006700    00000b24     free_rtos.a : queue.obj (.text)
                  20007224    00000514     main.obj (.text)
                  20007738    000004f4     ButtonDriver.obj (.text)
                  20007c2c    0000045c     free_rtos.a : osi_freertos.obj (.text)
                  20008088    000003dc     rtsv7M4_T_le_eabi.lib : memory.obj (.text)
                  20008464    00000374     HC-05driver.obj (.text)
                  200087d8    0000026c     uart_if.obj (.text)
                  20008a44    00000200     udma_if.obj (.text)
                  20008c44    000001f4     rtsv7M4_T_le_eabi.lib : ull_div_t2.obj (.text)
                  20008e38    000001b6                           : fd_add_t2.obj (.text)
                  20008fee    00000136                           : fd_div_t2.obj (.text)
                  20009124    00000134     driverlib.a : prcm.obj (.text:PRCMCC3200MCUInit)
                  20009258    0000012a     free_rtos.a : list.obj (.text)
                  20009382    00000002     --HOLE-- [fill = 0]
                  20009384    00000110                 : port.obj (.text)
                  20009494    00000110     rtsv7M4_T_le_eabi.lib : xdscale.obj (.text)
                  200095a4    000000fc                           : fd_mul_t2.obj (.text)
                  200096a0    000000f4                           : dtor_list.obj (.text)
                  20009794    000000f0     driverlib.a : udma.obj (.text:uDMAChannelTransferSet)
                  20009884    000000be     rtsv7M4_T_le_eabi.lib : xdnorm.obj (.text)
                  20009942    00000002     --HOLE-- [fill = 0]
                  20009944    000000ba     free_rtos.a : portasm.obj (.text)
                  200099fe    00000002     --HOLE-- [fill = 0]
                  20009a00    000000a8     driverlib.a : interrupt.obj (.text:IntDisable)
                  20009aa8    000000a8                 : interrupt.obj (.text:IntEnable)
                  20009b50    0000009c     rtsv7M4_T_le_eabi.lib : memcpy_t2.obj (.text)
                  20009bec    00000094     driverlib.a : prcm.obj (.text:PRCMPeripheralClockGet)
                  20009c80    00000088                 : pin.obj (.text:PinConfigSet)
                  20009d08    00000088     rtsv7M4_T_le_eabi.lib : vsnprintf.obj (.text)
                  20009d90    00000086                           : fd_cmp_t2.obj (.text:__aeabi_cdcmple)
                  20009e16    00000086                           : fd_cmp_t2.obj (.text:__aeabi_cdrcmple)
                  20009e9c    00000082     driverlib.a : gpio.obj (.text:GPIOIntTypeSet)
                  20009f1e    0000007a     rtsv7M4_T_le_eabi.lib : memset_t2.obj (.text)
                  20009f98    00000076     driverlib.a : uart.obj (.text:UARTConfigSetExpClk)
                  2000a00e    00000002     --HOLE-- [fill = 0]
                  2000a010    0000006c     rtsv7M4_T_le_eabi.lib : autoinit.obj (.text)
                  2000a07c    0000006a                           : copy_decompress_rle.obj (.text)
                  2000a0e6    00000066                           : xdunscal.obj (.text)
                  2000a14c    00000064     driverlib.a : udma.obj (.text:uDMAChannelAttributeDisable)
                  2000a1b0    00000064                 : udma.obj (.text:uDMAChannelAttributeEnable)
                  2000a214    00000058                 : interrupt.obj (.text:IntPendClear)
                  2000a26c    00000058                 : prcm.obj (.text:PRCMPeripheralReset)
                  2000a2c4    00000056     rtsv7M4_T_le_eabi.lib : ltoa.obj (.text)
                  2000a31a    00000002     --HOLE-- [fill = 0]
                  2000a31c    00000054     driverlib.a : interrupt.obj (.text:IntPrioritySet)
                  2000a370    0000004c     rtsv7M4_T_le_eabi.lib : atoi.obj (.text)
                  2000a3bc    0000004c                           : cpy_tbl.obj (.text)
                  2000a408    0000004c     driverlib.a : udma.obj (.text:uDMAChannelAssign)
                  2000a454    00000048                 : gpio.obj (.text:GPIOGetIntNumber)
                  2000a49c    00000048     rtsv7M4_T_le_eabi.lib : fd_toi_t2.obj (.text)
                  2000a4e4    00000046                           : ldexp.obj (.text)
                  2000a52a    00000002     --HOLE-- [fill = 0]
                  2000a52c    00000044     driverlib.a : uart.obj (.text:UARTIntNumberGet)
                  2000a570    00000044     main.obj (.text:_ZN20BUTTON_DEBOUNCE_CTRLC1Ev)
                  2000a5b4    00000044     rtsv7M4_T_le_eabi.lib : exit.obj (.text)
                  2000a5f8    00000040     driverlib.a : pin.obj (.text:PinModeSet)
                  2000a638    00000040     rtsv7M4_T_le_eabi.lib : signal.obj (.text)
                  2000a678    0000003c     driverlib.a : prcm.obj (.text:PRCMPeripheralClkEnable)
                  2000a6b4    0000003c     rtsv7M4_T_le_eabi.lib : boot.obj (.text)
                  2000a6f0    0000003c     driverlib.a : udma.obj (.text:uDMAChannelControlSet)
                  2000a72c    0000003a     ButtonDriver.obj (.text:_ZN12ButtonDriver14getButtonStateEv)
                  2000a766    00000038     ButtonDriver.obj (.text:_ZN13PinDefinitionC1Ev)
                  2000a79e    00000038     free_rtos.a : heap_3.obj (.text)
                  2000a7d6    00000036     driverlib.a : gpio.obj (.text:GPIODirModeSet)
                  2000a80c    00000034     rtsv7M4_T_le_eabi.lib : feraiseexcept.obj (.text)
                  2000a840    00000030     driverlib.a : pin.obj (.text:PinTypeGPIO)
                  2000a870    00000030                 : uart.obj (.text:UARTDisable)
                  2000a8a0    00000030     rtsv7M4_T_le_eabi.lib : xferaise.obj (.text)
                  2000a8d0    0000002e                           : i_tofd_t2.obj (.text)
                  2000a8fe    0000002e                           : raise.obj (.text)
                  2000a92c    0000002c     driverlib.a : prcm.obj (.text:PRCMSysResetCauseGet)
                  2000a958    0000002a     rtsv7M4_T_le_eabi.lib : xdclass.obj (.text)
                  2000a982    00000002     --HOLE-- [fill = 0]
                  2000a984    00000028     driverlib.a : prcm.obj (.text:PRCMPeripheralClkDisable)
                  2000a9ac    00000024                 : interrupt.obj (.text:IntUnregister)
                  2000a9d0    00000024                 : uart.obj (.text:UARTEnable)
                  2000a9f4    00000024     rtsv7M4_T_le_eabi.lib : memmov.obj (.text)
                  2000aa18    00000022     driverlib.a : gpio.obj (.text:GPIOIntStatus)
                  2000aa3a    00000022     ButtonDriver.obj (.text:_ZN12ButtonDriver11pressButtonEv)
                  2000aa5c    00000022     rtsv7M4_T_le_eabi.lib : frexp.obj (.text)
                  2000aa7e    00000020     driverlib.a : gpio.obj (.text:GPIOPinWrite)
                  2000aa9e    00000002     --HOLE-- [fill = 0]
                  2000aaa0    00000020                 : interrupt.obj (.text:IntRegister)
                  2000aac0    0000001e                 : gpio.obj (.text:GPIOIntRegister)
                  2000aade    0000001e                 : uart.obj (.text:UARTCharPut)
                  2000aafc    0000001e                 : uart.obj (.text:UARTIntRegister)
                  2000ab1a    0000001e                 : uart.obj (.text:UARTIntStatus)
                  2000ab38    0000001c     rtsv7M4_T_le_eabi.lib : memccpy.obj (.text)
                  2000ab54    0000001c     driverlib.a : udma.obj (.text:uDMAChannelDisable)
                  2000ab70    0000001c                 : udma.obj (.text:uDMAChannelEnable)
                  2000ab8c    0000001c                 : udma.obj (.text:uDMAChannelRequest)
                  2000aba8    0000001a                 : gpio.obj (.text:GPIOIntDisable)
                  2000abc2    0000001a                 : gpio.obj (.text:GPIOIntEnable)
                  2000abdc    0000001a                 : pin.obj (.text:PinTypeUART)
                  2000abf6    00000018                 : gpio.obj (.text:GPIOPinRead)
                  2000ac0e    00000018                 : uart.obj (.text:UARTDMAEnable)
                  2000ac26    00000018                 : uart.obj (.text:UARTFIFOLevelSet)
                  2000ac3e    00000018                 : uart.obj (.text:UARTIntEnable)
                  2000ac56    00000018     main.obj (.text:_ZN12ButtonDriver18registerButtonFuncEPFvRK12ButtonSTATUSRKbERK20BUTTON_DEBOUNCE_CTRL)
                  2000ac6e    00000002     --HOLE-- [fill = 0]
                  2000ac70    00000018     rtsv7M4_T_le_eabi.lib : args_main.obj (.text)
                  2000ac88    00000016     driverlib.a : prcm.obj (.text:PRCMHIBRegRead)
                  2000ac9e    00000016                 : prcm.obj (.text:PRCMHIBRegWrite)
                  2000acb4    00000016                 : uart.obj (.text:UARTCharGet)
                  2000acca    00000016                 : uart.obj (.text:UARTFIFODisable)
                  2000ace0    00000016                 : uart.obj (.text:UARTFIFOEnable)
                  2000acf6    00000016     rtsv7M4_T_le_eabi.lib : strchr.obj (.text)
                  2000ad0c    00000016     driverlib.a : udma.obj (.text:uDMAIntRegister)
                  2000ad22    00000014                 : cpu.obj (.text:CPUcpsie)
                  2000ad36    00000014                 : gpio.obj (.text:GPIOIntClear)
                  2000ad4a    00000002     --HOLE-- [fill = 0]
                  2000ad4c    00000014                 : interrupt.obj (.text:IntVTableBaseSet)
                  2000ad60    00000014     rtsv7M4_T_le_eabi.lib : _lock.obj (.text)
                  2000ad74    00000014                           : strlen.obj (.text)
                  2000ad88    00000014     driverlib.a : udma.obj (.text:uDMAControlBaseSet)
                  2000ad9c    00000014                 : udma.obj (.text:uDMAIntClear)
                  2000adb0    00000012                 : uart.obj (.text:UARTIntClear)
                  2000adc2    00000012                 : udma.obj (.text:uDMAIntUnregister)
                  2000add4    0000000e     rtsv7M4_T_le_eabi.lib : copy_decompress_none.obj (.text:decompress:none)
                  2000ade2    0000000e     startup_ccs.obj (.text)
                  2000adf0    0000000c     rtsv7M4_T_le_eabi.lib : copy_zero_init.obj (.text:decompress:ZI)
                  2000adfc    0000000c     pin_mux.obj (.text)
                  2000ae08    0000000c     driverlib.a : udma.obj (.text:uDMADisable)
                  2000ae14    0000000c                 : udma.obj (.text:uDMAEnable)
                  2000ae20    0000000c                 : udma.obj (.text:uDMAIntStatus)
                  2000ae2c    0000000a                 : interrupt.obj (.text:IntMasterEnable)
                  2000ae36    00000006                 : utils.obj (.text:UtilsDelay)
                  2000ae3c    00000006     rtsv7M4_T_le_eabi.lib : copy_decompress_rle.obj (.text:decompress:rle24)
                  2000ae42    00000004                           : pre_init.obj (.text)

.const     0    2000ae48    00000410     
                  2000ae48    00000101     rtsv7M4_T_le_eabi.lib : ctype.obj (.const:.string:_ctypes_)
                  2000af49    00000003     --HOLE-- [fill = 0]
                  2000af4c    00000100     driverlib.a : pin.obj (.const:g_ulPinToPadMap)
                  2000b04c    000000d4                 : interrupt.obj (.const:g_pulRegs)
                  2000b120    000000a8                 : prcm.obj (.const:PRCM_PeriphRegsList)
                  2000b1c8    00000080                 : interrupt.obj (.const)
                  2000b248    00000010                 : uart.obj (.const)

.init_array 
*          0    2000b258    00000004     
                  2000b258    00000004     main.obj (.init_array)

.cinit     0    2000b260    000000d0     
                  2000b260    000000a6     (.cinit..data.load) [load image, compression = rle]
                  2000b306    00000002     --HOLE-- [fill = 0]
                  2000b308    0000000c     (__TI_handler_table)
                  2000b314    00000004     --HOLE-- [fill = 0]
                  2000b318    00000008     (.cinit..bss.load) [load image, compression = zero_init]
                  2000b320    00000010     (__TI_cinit_table)

.sysmem    0    20017000    00004000     UNINITIALIZED
                  20017000    00000008     rtsv7M4_T_le_eabi.lib : memory.obj (.sysmem)
                  20017008    00003ff8     --HOLE--

.bss       0    2001b000    00000739     UNINITIALIZED
                  2001b000    00000400     udma_if.obj (.bss:gpCtlTbl)
                  2001b400    00000100     udma_if.obj (.bss:gfpAppCallbackHndl)
                  2001b500    000000c8     free_rtos.a : tasks.obj (.bss:pxReadyTasksLists)
                  2001b5c8    0000007c     main.obj (.bss)
                  2001b644    00000050     free_rtos.a : queue.obj (.bss:xQueueRegistry)
                  2001b694    00000024     main.obj (.bss:bluetooth)
                  2001b6b8    00000014     (.common:xDelayedTaskList1)
                  2001b6cc    00000014     (.common:xDelayedTaskList2)
                  2001b6e0    00000014     (.common:xPendingReadyList)
                  2001b6f4    00000014     (.common:xSuspendedTaskList)
                  2001b708    00000014     (.common:xTasksWaitingTermination)
                  2001b71c    00000004     (.common:Button1_PTR)
                  2001b720    00000004     (.common:Button2_PTR)
                  2001b724    00000004     (.common:DEBOUNCE_TSK_HNDLE)
                  2001b728    00000004     (.common:__Errorlog)
                  2001b72c    00000004     (.common:__dso_handle)
                  2001b730    00000004     (.common:pxDelayedTaskList)
                  2001b734    00000004     (.common:pxOverflowDelayedTaskList)
                  2001b738    00000001     (.common:iDone)

.TI.noinit 
*          0    2001b000    00000000     UNINITIALIZED

.data      0    2001b740    000001f0     UNINITIALIZED
                  2001b740    000000b0     rtsv7M4_T_le_eabi.lib : signal.obj (.data:sigtable)
                  2001b7f0    00000080                           : xvalues.obj (.data)
                  2001b870    00000034     free_rtos.a : tasks.obj (.data)
                  2001b8a4    00000024     main.obj (.data)
                  2001b8c8    00000014     ButtonDriver.obj (.data)
                  2001b8dc    00000014     HC-05driver.obj (.data)
                  2001b8f0    0000000c     free_rtos.a : osi_freertos.obj (.data)
                  2001b8fc    0000000c     rtsv7M4_T_le_eabi.lib : memory.obj (.data)
                  2001b908    00000008                           : _lock.obj (.data)
                  2001b910    00000008                           : exit.obj (.data)
                  2001b918    00000008                           : feraiseexcept.obj (.data)
                  2001b920    00000004     free_rtos.a : port.obj (.data)
                  2001b924    00000004     rtsv7M4_T_le_eabi.lib : dtor_list.obj (.data)
                  2001b928    00000004                           : errno.obj (.data)
                  2001b92c    00000004                           : stkdepth_vars.obj (.data)

.TI.persistent 
*          0    2001b740    00000000     UNINITIALIZED

.stack     0    2002ff00    00000100     UNINITIALIZED
                  2002ff00    00000100     --HOLE--


LINKER GENERATED COPY TABLES

__TI_cinit_table @ 2000b320 records: 2, size/record: 8, table size: 16
	.data: load addr=2000b260, load size=000000a6 bytes, run addr=2001b740, run size=000001f0 bytes, compression=rle
	.bss: load addr=2000b318, load size=00000008 bytes, run addr=2001b000, run size=00000739 bytes, compression=zero_init


LINKER GENERATED HANDLER TABLE

__TI_handler_table @ 2000b308 records: 3, size/record: 4, table size: 12
	index: 0, handler: __TI_decompress_rle24
	index: 1, handler: __TI_decompress_none
	index: 2, handler: __TI_zero_init


GLOBAL SYMBOLS: SORTED ALPHABETICALLY BY Name 

address   name                                                                                 
-------   ----                                                                                 
2001b63c  Button1_Debounce                                                                     
2001b71c  Button1_PTR                                                                          
2001b640  Button2_Debounce                                                                     
2001b720  Button2_PTR                                                                          
2000a5b5  C$$EXIT                                                                              
2000ad23  CPUcpsie                                                                             
20008819  ClearTerm                                                                            
2001b724  DEBOUNCE_TSK_HNDLE                                                                   
20008beb  DMASetupTransfer                                                                     
20008a5b  DmaErrorIntHandler                                                                   
20008a45  DmaSwIntHandler                                                                      
20008823  Error                                                                                
2000a7d7  GPIODirModeSet                                                                       
2000ad37  GPIOIntClear                                                                         
2000aba9  GPIOIntDisable                                                                       
2000abc3  GPIOIntEnable                                                                        
2000aac1  GPIOIntRegister                                                                      
2000aa19  GPIOIntStatus                                                                        
20009e9d  GPIOIntTypeSet                                                                       
2000abf7  GPIOPinRead                                                                          
2000aa7f  GPIOPinWrite                                                                         
2001b8c0  GREEN_LEDPTR                                                                         
2000885b  GetCmd                                                                               
200087d9  InitTerm                                                                             
20009a01  IntDisable                                                                           
20009aa9  IntEnable                                                                            
2000ae2d  IntMasterEnable                                                                      
2000a215  IntPendClear                                                                         
2000a31d  IntPrioritySet                                                                       
2000aaa1  IntRegister                                                                          
2000a9ad  IntUnregister                                                                        
2000ad4d  IntVTableBaseSet                                                                     
200087f7  Message                                                                              
20009125  PRCMCC3200MCUInit                                                                    
2000ac89  PRCMHIBRegRead                                                                       
2000ac9f  PRCMHIBRegWrite                                                                      
2000a985  PRCMPeripheralClkDisable                                                             
2000a679  PRCMPeripheralClkEnable                                                              
20009bed  PRCMPeripheralClockGet                                                               
2000a26d  PRCMPeripheralReset                                                                  
2000a92d  PRCMSysResetCauseGet                                                                 
20009c81  PinConfigSet                                                                         
2000a5f9  PinModeSet                                                                           
2000adfd  PinMuxConfig                                                                         
2000a841  PinTypeGPIO                                                                          
2000abdd  PinTypeUART                                                                          
2001b8bc  RED_LEDPTR                                                                           
20008985  Report                                                                               
2000ade3  ResetISR                                                                             
2000b258  SHT$$INIT_ARRAY$$Base                                                                
2000b25c  SHT$$INIT_ARRAY$$Limit                                                               
20008aed  SetupTransfer                                                                        
200088ed  TrimSpace                                                                            
2000acb5  UARTCharGet                                                                          
2000aadf  UARTCharPut                                                                          
20009f99  UARTConfigSetExpClk                                                                  
2000ac0f  UARTDMAEnable                                                                        
2000a871  UARTDisable                                                                          
2000a9d1  UARTEnable                                                                           
2000accb  UARTFIFODisable                                                                      
2000ace1  UARTFIFOEnable                                                                       
2000ac27  UARTFIFOLevelSet                                                                     
2000adb1  UARTIntClear                                                                         
2000ac3f  UARTIntEnable                                                                        
2000aafd  UARTIntRegister                                                                      
2000ab1b  UARTIntStatus                                                                        
20008abf  UDMAChannelSelect                                                                    
20008bd7  UDMADeInit                                                                           
20008a67  UDMAInit                                                                             
20008b31  UDMASetupAutoMemTransfer                                                             
20008b65  UDMASetupPingPongTransfer                                                            
20008bbf  UDMAStartTransfer                                                                    
20008bcb  UDMAStopTransfer                                                                     
2000ae37  UtilsDelay                                                                           
20007ef5  VDeleteSimpleLinkSpawnTask                                                           
20007ea5  VStartSimpleLinkSpawnTask                                                            
2001b8b8  YELLOW_LEDPTR                                                                        
2000a959  _Dclass                                                                              
2001b7f0  _Denorm                                                                              
20009885  _Dnorm                                                                               
20009495  _Dscale                                                                              
2000a0e7  _Dunscale                                                                            
2001b800  _Eps                                                                                 
2001b928  _Errno                                                                               
2001b918  _Fenv                                                                                
2000a8a1  _Feraise                                                                             
2001b810  _Hugeval                                                                             
2001b820  _Inf                                                                                 
2001b830  _Nan                                                                                 
2001b850  _Rteps                                                                               
2001b840  _Snan                                                                                
2001b91c  _Tls_setup__Fenv                                                                     
2001b860  _Xbig                                                                                
200078fd  _Z10BUTTON_ISRv                                                                      
200072ff  _Z12ConfigureLEDR13PinDefinitionh                                                    
20007845  _Z20BUTTON_DEBOUNCE_TASKPv                                                           
20008539  _Z25BlueToothInterruptHandlerv                                                       
2000aa3b  _ZN12ButtonDriver11pressButtonEv                                                     
2000a72d  _ZN12ButtonDriver14getButtonStateEv                                                  
20007bb1  _ZN12ButtonDriver15enableInterruptEv                                                 
20007b93  _ZN12ButtonDriver16disableInterruptEv                                                
20007a3d  _ZN12ButtonDriver16setGPIOPinNumberEh                                                
20007a2d  _ZN12ButtonDriver17configureDebounceERK20BUTTON_DEBOUNCE_CTRL                        
20007b41  _ZN12ButtonDriver18configureInterruptEPFvvEh                                         
2000ac57  _ZN12ButtonDriver18registerButtonFuncEPFvRK12ButtonSTATUSRKbERK20BUTTON_DEBOUNCE_CTRL
20007aed  _ZN12ButtonDriverC1Eh                                                                
20007aed  _ZN12ButtonDriverC2Eh                                                                
20007be7  _ZN12ButtonDriverD1Ev                                                                
20007be7  _ZN12ButtonDriverD2Ev                                                                
2000a767  _ZN13PinDefinitionC1Ev                                                               
20008729  _ZN14HC_05Bluetooth11sendMessageEPKcj                                                
2000876d  _ZN14HC_05Bluetooth11setReadModeEv                                                   
20008785  _ZN14HC_05Bluetooth12setWriteModeEv                                                  
200086fd  _ZN14HC_05Bluetooth17enterTransferModeEv                                             
200087a7  _ZN14HC_05Bluetooth17waitForModeChangeEv                                             
200086cd  _ZN14HC_05Bluetooth18enterConfigureModeEv                                            
20008653  _ZN14HC_05Bluetooth21configureDMATransfersEv                                         
20008689  _ZN14HC_05Bluetooth6enableEv                                                         
200086a7  _ZN14HC_05Bluetooth7disableEv                                                        
20008557  _ZN14HC_05BluetoothC1Emmmmmmmm                                                       
20008557  _ZN14HC_05BluetoothC2Emmmmmmmm                                                       
20008799  _ZN14HC_05BluetoothD1Ev                                                              
20008799  _ZN14HC_05BluetoothD2Ev                                                              
2000a571  _ZN20BUTTON_DEBOUNCE_CTRLC1Ev                                                        
2001b868  _Zero                                                                                
20030000  __STACK_END                                                                          
00000100  __STACK_SIZE                                                                         
00004000  __SYSMEM_SIZE                                                                        
2000b320  __TI_CINIT_Base                                                                      
2000b330  __TI_CINIT_Limit                                                                     
2000b308  __TI_Handler_Table_Base                                                              
2000b314  __TI_Handler_Table_Limit                                                             
2000a011  __TI_auto_init                                                                       
2001b910  __TI_cleanup_ptr                                                                     
2000add5  __TI_decompress_none                                                                 
2000ae3d  __TI_decompress_rle24                                                                
2001b914  __TI_dtors_ptr                                                                       
200063f9  __TI_printfi                                                                         
2000b260  __TI_static_base__                                                                   
2000adf1  __TI_zero_init                                                                       
200096f7  __aeabi_atexit                                                                       
20009d91  __aeabi_cdcmpeq                                                                      
20009d91  __aeabi_cdcmple                                                                      
20009e17  __aeabi_cdrcmple                                                                     
2000a49d  __aeabi_d2iz                                                                         
20008e43  __aeabi_dadd                                                                         
20008fef  __aeabi_ddiv                                                                         
200095a5  __aeabi_dmul                                                                         
20008e39  __aeabi_dsub                                                                         
2000a8d1  __aeabi_i2d                                                                          
20009f1f  __aeabi_memclr                                                                       
20009f1f  __aeabi_memclr4                                                                      
20009f1f  __aeabi_memclr8                                                                      
20009b51  __aeabi_memcpy                                                                       
20009b51  __aeabi_memcpy4                                                                      
20009b51  __aeabi_memcpy8                                                                      
20009f21  __aeabi_memset                                                                       
20009f21  __aeabi_memset4                                                                      
20009f21  __aeabi_memset8                                                                      
20008c45  __aeabi_uldivmod                                                                     
ffffffff  __binit__                                                                            
ffffffff  __c_args__                                                                           
2000973b  __cxa_atexit                                                                         
200096a1  __cxa_finalize                                                                       
200096e3  __cxa_ia64_exit                                                                      
2001b72c  __dso_handle                                                                         
2002ff00  __stack                                                                              
2000763f  __sti___8_main_cpp_31db2cd6                                                          
2000ac71  _args_main                                                                           
2000a6b5  _c_int00                                                                             
2000ae48  _ctypes_                                                                             
2001b908  _lock                                                                                
2000ad6f  _nop                                                                                 
2000ad67  _register_lock                                                                       
2000ad61  _register_unlock                                                                     
20017000  _sys_memory                                                                          
2000ae43  _system_pre_init                                                                     
2001b90c  _unlock                                                                              
2000a5b9  abort                                                                                
200096e9  atexit                                                                               
2000a371  atoi                                                                                 
ffffffff  binit                                                                                
20008431  calloc                                                                               
2000a3bd  copy_in                                                                              
20004691  eTaskGetState                                                                        
2000a5c1  exit                                                                                 
2000a80d  feraiseexcept                                                                        
2000817f  free                                                                                 
2000aa5d  frexp                                                                                
2001b8c4  g_iCounter                                                                           
20004000  g_pfnVectors                                                                         
2001b400  gfpAppCallbackHndl                                                                   
2001b000  gpCtlTbl                                                                             
2001b738  iDone                                                                                
2000a4e5  ldexp                                                                                
2000a2c5  ltoa                                                                                 
200075b1  main                                                                                 
2001b92c  main_func_sp                                                                         
20008117  malloc                                                                               
20007ff9  mem_Free                                                                             
20007fed  mem_Malloc                                                                           
20008019  mem_copy                                                                             
20008005  mem_set                                                                              
2000834d  memalign                                                                             
2000ab39  memccpy                                                                              
20009b51  memcpy                                                                               
2000a9f5  memmove                                                                              
20009f27  memset                                                                               
20008089  minit                                                                                
2000806f  osi_ContextRestore                                                                   
2000806d  osi_ContextSave                                                                      
2000802d  osi_EnterCritical                                                                    
20008037  osi_ExitCritical                                                                     
20007c53  osi_InterruptDeRegister                                                              
20007c2d  osi_InterruptRegister                                                                
20007d5d  osi_LockObjCreate                                                                    
20007dd1  osi_LockObjDelete                                                                    
20007de1  osi_LockObjLock                                                                      
20007e0d  osi_LockObjUnlock                                                                    
20007f21  osi_MsgQCreate                                                                       
20007f65  osi_MsgQDelete                                                                       
20007fb1  osi_MsgQRead                                                                         
20007f7f  osi_MsgQWrite                                                                        
20008049  osi_Sleep                                                                            
20007e37  osi_Spawn                                                                            
20007d3b  osi_SyncObjClear                                                                     
20007c65  osi_SyncObjCreate                                                                    
20007c95  osi_SyncObjDelete                                                                    
20007caf  osi_SyncObjSignal                                                                    
20007cd7  osi_SyncObjSignalFromISR                                                             
20007d0f  osi_SyncObjWait                                                                      
20007d83  osi_TaskCreate                                                                       
20007dc3  osi_TaskDelete                                                                       
20008059  osi_TaskDisable                                                                      
20008063  osi_TaskEnable                                                                       
20008041  osi_start                                                                            
20004bb5  pcTaskGetTaskName                                                                    
200099f9  portCLZ                                                                              
200099e1  prvPortStartFirstTask                                                                
2000a79f  pvPortMalloc                                                                         
2001b870  pxCurrentTCB                                                                         
20009385  pxPortInitialiseStack                                                                
2000a8ff  raise                                                                                
20008241  realloc                                                                              
2000a639  signal                                                                               
2000acf7  strchr                                                                               
2000ad75  strlen                                                                               
2000a409  uDMAChannelAssign                                                                    
2000a14d  uDMAChannelAttributeDisable                                                          
2000a1b1  uDMAChannelAttributeEnable                                                           
2000a6f1  uDMAChannelControlSet                                                                
2000ab55  uDMAChannelDisable                                                                   
2000ab71  uDMAChannelEnable                                                                    
2000ab8d  uDMAChannelRequest                                                                   
20009795  uDMAChannelTransferSet                                                               
2000ad89  uDMAControlBaseSet                                                                   
2000ae09  uDMADisable                                                                          
2000ae15  uDMAEnable                                                                           
2000ad9d  uDMAIntClear                                                                         
2000ad0d  uDMAIntRegister                                                                      
2000ae21  uDMAIntStatus                                                                        
2000adc3  uDMAIntUnregister                                                                    
20006e81  ucQueueGetQueueType                                                                  
20009949  ulPortSetInterruptMask                                                               
2000933b  uxListRemove                                                                         
20006e61  uxQueueGetQueueNumber                                                                
20006df5  uxQueueMessagesWaiting                                                               
20006e2b  uxQueueMessagesWaitingFromISR                                                        
20006e0b  uxQueueSpacesAvailable                                                               
20004ba9  uxTaskGetNumberOfTasks                                                               
20004bd9  uxTaskGetSystemState                                                                 
200050c9  uxTaskGetTaskNumber                                                                  
20004725  uxTaskPriorityGet                                                                    
20005621  uxTaskResetEventItemValue                                                            
2000755b  vApplicationIdleHook                                                                 
2000755d  vApplicationMallocFailedHook                                                         
2000755f  vApplicationStackOverflowHook                                                        
20007551  vAssertCalled                                                                        
20009259  vListInitialise                                                                      
20009289  vListInitialiseItem                                                                  
200092d5  vListInsert                                                                          
20009299  vListInsertEnd                                                                       
2000995f  vPortClearInterruptMask                                                              
20009401  vPortEndScheduler                                                                    
20009415  vPortEnterCritical                                                                   
2000942d  vPortExitCritical                                                                    
2000a7bf  vPortFree                                                                            
200099b9  vPortSVCHandler                                                                      
20009461  vPortSetupTimerInterrupt                                                             
20009403  vPortYield                                                                           
2000709b  vQueueAddToRegistry                                                                  
20006e3d  vQueueDelete                                                                         
20006e6f  vQueueSetQueueNumber                                                                 
200070dd  vQueueUnregisterQueue                                                                
2000463b  vTaskDelay                                                                           
2000459f  vTaskDelayUntil                                                                      
2000450f  vTaskDelete                                                                          
20004a8d  vTaskEndScheduler                                                                    
200050bb  vTaskMissedYield                                                                     
20004e51  vTaskPlaceOnEventList                                                                
20004eb5  vTaskPlaceOnUnorderedEventList                                                       
20005597  vTaskPriorityDisinherit                                                              
200054dd  vTaskPriorityInherit                                                                 
2000475d  vTaskPrioritySet                                                                     
20004955  vTaskResume                                                                          
200050e9  vTaskSetTaskNumber                                                                   
2000501b  vTaskSetTimeOutState                                                                 
20004a43  vTaskStartScheduler                                                                  
20004861  vTaskSuspend                                                                         
20004a9f  vTaskSuspendAll                                                                      
20004dd1  vTaskSwitchContext                                                                   
20009d09  vsnprintf                                                                            
2001b8f0  xHigherPriorityTaskWoken                                                             
2000996d  xPortPendSVHandler                                                                   
200093d5  xPortStartScheduler                                                                  
20009445  xPortSysTickHandler                                                                  
2000712b  xQueueAddToSet                                                                       
20006a5d  xQueueAltGenericReceive                                                              
200069b1  xQueueAltGenericSend                                                                 
20006885  xQueueCreateCountingSemaphore                                                        
20006807  xQueueCreateMutex                                                                    
20007117  xQueueCreateSet                                                                      
20006791  xQueueGenericCreate                                                                  
20006bf7  xQueueGenericReceive                                                                 
20006701  xQueueGenericReset                                                                   
200068a5  xQueueGenericSend                                                                    
20006b5b  xQueueGenericSendFromISR                                                             
20007037  xQueueIsQueueEmptyFromISR                                                            
20007079  xQueueIsQueueFullFromISR                                                             
20006db1  xQueuePeekFromISR                                                                    
20006d39  xQueueReceiveFromISR                                                                 
2001b644  xQueueRegistry                                                                       
2000715f  xQueueRemoveFromSet                                                                  
200071a1  xQueueSelectFromSet                                                                  
200071bb  xQueueSelectFromSetFromISR                                                           
2001b8f4  xSimpleLinkSpawnQueue                                                                
2001b8f8  xSimpleLinkSpawnTaskHndl                                                             
20005041  xTaskCheckForTimeOut                                                                 
20004401  xTaskGenericCreate                                                                   
20005491  xTaskGetCurrentTaskHandle                                                            
20004c97  xTaskGetIdleTaskHandle                                                               
200054a5  xTaskGetSchedulerState                                                               
20004b7d  xTaskGetTickCount                                                                    
20004b91  xTaskGetTickCountFromISR                                                             
20004cb5  xTaskIncrementTick                                                                   
20004f25  xTaskRemoveFromEventList                                                             
20004fad  xTaskRemoveFromUnorderedEventList                                                    
20004ab1  xTaskResumeAll                                                                       
200049c9  xTaskResumeFromISR                                                                   


GLOBAL SYMBOLS: SORTED BY Symbol Address 

address   name                                                                                 
-------   ----                                                                                 
00000100  __STACK_SIZE                                                                         
00004000  __SYSMEM_SIZE                                                                        
20004000  g_pfnVectors                                                                         
20004401  xTaskGenericCreate                                                                   
2000450f  vTaskDelete                                                                          
2000459f  vTaskDelayUntil                                                                      
2000463b  vTaskDelay                                                                           
20004691  eTaskGetState                                                                        
20004725  uxTaskPriorityGet                                                                    
2000475d  vTaskPrioritySet                                                                     
20004861  vTaskSuspend                                                                         
20004955  vTaskResume                                                                          
200049c9  xTaskResumeFromISR                                                                   
20004a43  vTaskStartScheduler                                                                  
20004a8d  vTaskEndScheduler                                                                    
20004a9f  vTaskSuspendAll                                                                      
20004ab1  xTaskResumeAll                                                                       
20004b7d  xTaskGetTickCount                                                                    
20004b91  xTaskGetTickCountFromISR                                                             
20004ba9  uxTaskGetNumberOfTasks                                                               
20004bb5  pcTaskGetTaskName                                                                    
20004bd9  uxTaskGetSystemState                                                                 
20004c97  xTaskGetIdleTaskHandle                                                               
20004cb5  xTaskIncrementTick                                                                   
20004dd1  vTaskSwitchContext                                                                   
20004e51  vTaskPlaceOnEventList                                                                
20004eb5  vTaskPlaceOnUnorderedEventList                                                       
20004f25  xTaskRemoveFromEventList                                                             
20004fad  xTaskRemoveFromUnorderedEventList                                                    
2000501b  vTaskSetTimeOutState                                                                 
20005041  xTaskCheckForTimeOut                                                                 
200050bb  vTaskMissedYield                                                                     
200050c9  uxTaskGetTaskNumber                                                                  
200050e9  vTaskSetTaskNumber                                                                   
20005491  xTaskGetCurrentTaskHandle                                                            
200054a5  xTaskGetSchedulerState                                                               
200054dd  vTaskPriorityInherit                                                                 
20005597  vTaskPriorityDisinherit                                                              
20005621  uxTaskResetEventItemValue                                                            
200063f9  __TI_printfi                                                                         
20006701  xQueueGenericReset                                                                   
20006791  xQueueGenericCreate                                                                  
20006807  xQueueCreateMutex                                                                    
20006885  xQueueCreateCountingSemaphore                                                        
200068a5  xQueueGenericSend                                                                    
200069b1  xQueueAltGenericSend                                                                 
20006a5d  xQueueAltGenericReceive                                                              
20006b5b  xQueueGenericSendFromISR                                                             
20006bf7  xQueueGenericReceive                                                                 
20006d39  xQueueReceiveFromISR                                                                 
20006db1  xQueuePeekFromISR                                                                    
20006df5  uxQueueMessagesWaiting                                                               
20006e0b  uxQueueSpacesAvailable                                                               
20006e2b  uxQueueMessagesWaitingFromISR                                                        
20006e3d  vQueueDelete                                                                         
20006e61  uxQueueGetQueueNumber                                                                
20006e6f  vQueueSetQueueNumber                                                                 
20006e81  ucQueueGetQueueType                                                                  
20007037  xQueueIsQueueEmptyFromISR                                                            
20007079  xQueueIsQueueFullFromISR                                                             
2000709b  vQueueAddToRegistry                                                                  
200070dd  vQueueUnregisterQueue                                                                
20007117  xQueueCreateSet                                                                      
2000712b  xQueueAddToSet                                                                       
2000715f  xQueueRemoveFromSet                                                                  
200071a1  xQueueSelectFromSet                                                                  
200071bb  xQueueSelectFromSetFromISR                                                           
200072ff  _Z12ConfigureLEDR13PinDefinitionh                                                    
20007551  vAssertCalled                                                                        
2000755b  vApplicationIdleHook                                                                 
2000755d  vApplicationMallocFailedHook                                                         
2000755f  vApplicationStackOverflowHook                                                        
200075b1  main                                                                                 
2000763f  __sti___8_main_cpp_31db2cd6                                                          
20007845  _Z20BUTTON_DEBOUNCE_TASKPv                                                           
200078fd  _Z10BUTTON_ISRv                                                                      
20007a2d  _ZN12ButtonDriver17configureDebounceERK20BUTTON_DEBOUNCE_CTRL                        
20007a3d  _ZN12ButtonDriver16setGPIOPinNumberEh                                                
20007aed  _ZN12ButtonDriverC1Eh                                                                
20007aed  _ZN12ButtonDriverC2Eh                                                                
20007b41  _ZN12ButtonDriver18configureInterruptEPFvvEh                                         
20007b93  _ZN12ButtonDriver16disableInterruptEv                                                
20007bb1  _ZN12ButtonDriver15enableInterruptEv                                                 
20007be7  _ZN12ButtonDriverD1Ev                                                                
20007be7  _ZN12ButtonDriverD2Ev                                                                
20007c2d  osi_InterruptRegister                                                                
20007c53  osi_InterruptDeRegister                                                              
20007c65  osi_SyncObjCreate                                                                    
20007c95  osi_SyncObjDelete                                                                    
20007caf  osi_SyncObjSignal                                                                    
20007cd7  osi_SyncObjSignalFromISR                                                             
20007d0f  osi_SyncObjWait                                                                      
20007d3b  osi_SyncObjClear                                                                     
20007d5d  osi_LockObjCreate                                                                    
20007d83  osi_TaskCreate                                                                       
20007dc3  osi_TaskDelete                                                                       
20007dd1  osi_LockObjDelete                                                                    
20007de1  osi_LockObjLock                                                                      
20007e0d  osi_LockObjUnlock                                                                    
20007e37  osi_Spawn                                                                            
20007ea5  VStartSimpleLinkSpawnTask                                                            
20007ef5  VDeleteSimpleLinkSpawnTask                                                           
20007f21  osi_MsgQCreate                                                                       
20007f65  osi_MsgQDelete                                                                       
20007f7f  osi_MsgQWrite                                                                        
20007fb1  osi_MsgQRead                                                                         
20007fed  mem_Malloc                                                                           
20007ff9  mem_Free                                                                             
20008005  mem_set                                                                              
20008019  mem_copy                                                                             
2000802d  osi_EnterCritical                                                                    
20008037  osi_ExitCritical                                                                     
20008041  osi_start                                                                            
20008049  osi_Sleep                                                                            
20008059  osi_TaskDisable                                                                      
20008063  osi_TaskEnable                                                                       
2000806d  osi_ContextSave                                                                      
2000806f  osi_ContextRestore                                                                   
20008089  minit                                                                                
20008117  malloc                                                                               
2000817f  free                                                                                 
20008241  realloc                                                                              
2000834d  memalign                                                                             
20008431  calloc                                                                               
20008539  _Z25BlueToothInterruptHandlerv                                                       
20008557  _ZN14HC_05BluetoothC1Emmmmmmmm                                                       
20008557  _ZN14HC_05BluetoothC2Emmmmmmmm                                                       
20008653  _ZN14HC_05Bluetooth21configureDMATransfersEv                                         
20008689  _ZN14HC_05Bluetooth6enableEv                                                         
200086a7  _ZN14HC_05Bluetooth7disableEv                                                        
200086cd  _ZN14HC_05Bluetooth18enterConfigureModeEv                                            
200086fd  _ZN14HC_05Bluetooth17enterTransferModeEv                                             
20008729  _ZN14HC_05Bluetooth11sendMessageEPKcj                                                
2000876d  _ZN14HC_05Bluetooth11setReadModeEv                                                   
20008785  _ZN14HC_05Bluetooth12setWriteModeEv                                                  
20008799  _ZN14HC_05BluetoothD1Ev                                                              
20008799  _ZN14HC_05BluetoothD2Ev                                                              
200087a7  _ZN14HC_05Bluetooth17waitForModeChangeEv                                             
200087d9  InitTerm                                                                             
200087f7  Message                                                                              
20008819  ClearTerm                                                                            
20008823  Error                                                                                
2000885b  GetCmd                                                                               
200088ed  TrimSpace                                                                            
20008985  Report                                                                               
20008a45  DmaSwIntHandler                                                                      
20008a5b  DmaErrorIntHandler                                                                   
20008a67  UDMAInit                                                                             
20008abf  UDMAChannelSelect                                                                    
20008aed  SetupTransfer                                                                        
20008b31  UDMASetupAutoMemTransfer                                                             
20008b65  UDMASetupPingPongTransfer                                                            
20008bbf  UDMAStartTransfer                                                                    
20008bcb  UDMAStopTransfer                                                                     
20008bd7  UDMADeInit                                                                           
20008beb  DMASetupTransfer                                                                     
20008c45  __aeabi_uldivmod                                                                     
20008e39  __aeabi_dsub                                                                         
20008e43  __aeabi_dadd                                                                         
20008fef  __aeabi_ddiv                                                                         
20009125  PRCMCC3200MCUInit                                                                    
20009259  vListInitialise                                                                      
20009289  vListInitialiseItem                                                                  
20009299  vListInsertEnd                                                                       
200092d5  vListInsert                                                                          
2000933b  uxListRemove                                                                         
20009385  pxPortInitialiseStack                                                                
200093d5  xPortStartScheduler                                                                  
20009401  vPortEndScheduler                                                                    
20009403  vPortYield                                                                           
20009415  vPortEnterCritical                                                                   
2000942d  vPortExitCritical                                                                    
20009445  xPortSysTickHandler                                                                  
20009461  vPortSetupTimerInterrupt                                                             
20009495  _Dscale                                                                              
200095a5  __aeabi_dmul                                                                         
200096a1  __cxa_finalize                                                                       
200096e3  __cxa_ia64_exit                                                                      
200096e9  atexit                                                                               
200096f7  __aeabi_atexit                                                                       
2000973b  __cxa_atexit                                                                         
20009795  uDMAChannelTransferSet                                                               
20009885  _Dnorm                                                                               
20009949  ulPortSetInterruptMask                                                               
2000995f  vPortClearInterruptMask                                                              
2000996d  xPortPendSVHandler                                                                   
200099b9  vPortSVCHandler                                                                      
200099e1  prvPortStartFirstTask                                                                
200099f9  portCLZ                                                                              
20009a01  IntDisable                                                                           
20009aa9  IntEnable                                                                            
20009b51  __aeabi_memcpy                                                                       
20009b51  __aeabi_memcpy4                                                                      
20009b51  __aeabi_memcpy8                                                                      
20009b51  memcpy                                                                               
20009bed  PRCMPeripheralClockGet                                                               
20009c81  PinConfigSet                                                                         
20009d09  vsnprintf                                                                            
20009d91  __aeabi_cdcmpeq                                                                      
20009d91  __aeabi_cdcmple                                                                      
20009e17  __aeabi_cdrcmple                                                                     
20009e9d  GPIOIntTypeSet                                                                       
20009f1f  __aeabi_memclr                                                                       
20009f1f  __aeabi_memclr4                                                                      
20009f1f  __aeabi_memclr8                                                                      
20009f21  __aeabi_memset                                                                       
20009f21  __aeabi_memset4                                                                      
20009f21  __aeabi_memset8                                                                      
20009f27  memset                                                                               
20009f99  UARTConfigSetExpClk                                                                  
2000a011  __TI_auto_init                                                                       
2000a0e7  _Dunscale                                                                            
2000a14d  uDMAChannelAttributeDisable                                                          
2000a1b1  uDMAChannelAttributeEnable                                                           
2000a215  IntPendClear                                                                         
2000a26d  PRCMPeripheralReset                                                                  
2000a2c5  ltoa                                                                                 
2000a31d  IntPrioritySet                                                                       
2000a371  atoi                                                                                 
2000a3bd  copy_in                                                                              
2000a409  uDMAChannelAssign                                                                    
2000a49d  __aeabi_d2iz                                                                         
2000a4e5  ldexp                                                                                
2000a571  _ZN20BUTTON_DEBOUNCE_CTRLC1Ev                                                        
2000a5b5  C$$EXIT                                                                              
2000a5b9  abort                                                                                
2000a5c1  exit                                                                                 
2000a5f9  PinModeSet                                                                           
2000a639  signal                                                                               
2000a679  PRCMPeripheralClkEnable                                                              
2000a6b5  _c_int00                                                                             
2000a6f1  uDMAChannelControlSet                                                                
2000a72d  _ZN12ButtonDriver14getButtonStateEv                                                  
2000a767  _ZN13PinDefinitionC1Ev                                                               
2000a79f  pvPortMalloc                                                                         
2000a7bf  vPortFree                                                                            
2000a7d7  GPIODirModeSet                                                                       
2000a80d  feraiseexcept                                                                        
2000a841  PinTypeGPIO                                                                          
2000a871  UARTDisable                                                                          
2000a8a1  _Feraise                                                                             
2000a8d1  __aeabi_i2d                                                                          
2000a8ff  raise                                                                                
2000a92d  PRCMSysResetCauseGet                                                                 
2000a959  _Dclass                                                                              
2000a985  PRCMPeripheralClkDisable                                                             
2000a9ad  IntUnregister                                                                        
2000a9d1  UARTEnable                                                                           
2000a9f5  memmove                                                                              
2000aa19  GPIOIntStatus                                                                        
2000aa3b  _ZN12ButtonDriver11pressButtonEv                                                     
2000aa5d  frexp                                                                                
2000aa7f  GPIOPinWrite                                                                         
2000aaa1  IntRegister                                                                          
2000aac1  GPIOIntRegister                                                                      
2000aadf  UARTCharPut                                                                          
2000aafd  UARTIntRegister                                                                      
2000ab1b  UARTIntStatus                                                                        
2000ab39  memccpy                                                                              
2000ab55  uDMAChannelDisable                                                                   
2000ab71  uDMAChannelEnable                                                                    
2000ab8d  uDMAChannelRequest                                                                   
2000aba9  GPIOIntDisable                                                                       
2000abc3  GPIOIntEnable                                                                        
2000abdd  PinTypeUART                                                                          
2000abf7  GPIOPinRead                                                                          
2000ac0f  UARTDMAEnable                                                                        
2000ac27  UARTFIFOLevelSet                                                                     
2000ac3f  UARTIntEnable                                                                        
2000ac57  _ZN12ButtonDriver18registerButtonFuncEPFvRK12ButtonSTATUSRKbERK20BUTTON_DEBOUNCE_CTRL
2000ac71  _args_main                                                                           
2000ac89  PRCMHIBRegRead                                                                       
2000ac9f  PRCMHIBRegWrite                                                                      
2000acb5  UARTCharGet                                                                          
2000accb  UARTFIFODisable                                                                      
2000ace1  UARTFIFOEnable                                                                       
2000acf7  strchr                                                                               
2000ad0d  uDMAIntRegister                                                                      
2000ad23  CPUcpsie                                                                             
2000ad37  GPIOIntClear                                                                         
2000ad4d  IntVTableBaseSet                                                                     
2000ad61  _register_unlock                                                                     
2000ad67  _register_lock                                                                       
2000ad6f  _nop                                                                                 
2000ad75  strlen                                                                               
2000ad89  uDMAControlBaseSet                                                                   
2000ad9d  uDMAIntClear                                                                         
2000adb1  UARTIntClear                                                                         
2000adc3  uDMAIntUnregister                                                                    
2000add5  __TI_decompress_none                                                                 
2000ade3  ResetISR                                                                             
2000adf1  __TI_zero_init                                                                       
2000adfd  PinMuxConfig                                                                         
2000ae09  uDMADisable                                                                          
2000ae15  uDMAEnable                                                                           
2000ae21  uDMAIntStatus                                                                        
2000ae2d  IntMasterEnable                                                                      
2000ae37  UtilsDelay                                                                           
2000ae3d  __TI_decompress_rle24                                                                
2000ae43  _system_pre_init                                                                     
2000ae48  _ctypes_                                                                             
2000b258  SHT$$INIT_ARRAY$$Base                                                                
2000b25c  SHT$$INIT_ARRAY$$Limit                                                               
2000b260  __TI_static_base__                                                                   
2000b308  __TI_Handler_Table_Base                                                              
2000b314  __TI_Handler_Table_Limit                                                             
2000b320  __TI_CINIT_Base                                                                      
2000b330  __TI_CINIT_Limit                                                                     
20017000  _sys_memory                                                                          
2001b000  gpCtlTbl                                                                             
2001b400  gfpAppCallbackHndl                                                                   
2001b63c  Button1_Debounce                                                                     
2001b640  Button2_Debounce                                                                     
2001b644  xQueueRegistry                                                                       
2001b71c  Button1_PTR                                                                          
2001b720  Button2_PTR                                                                          
2001b724  DEBOUNCE_TSK_HNDLE                                                                   
2001b72c  __dso_handle                                                                         
2001b738  iDone                                                                                
2001b7f0  _Denorm                                                                              
2001b800  _Eps                                                                                 
2001b810  _Hugeval                                                                             
2001b820  _Inf                                                                                 
2001b830  _Nan                                                                                 
2001b840  _Snan                                                                                
2001b850  _Rteps                                                                               
2001b860  _Xbig                                                                                
2001b868  _Zero                                                                                
2001b870  pxCurrentTCB                                                                         
2001b8b8  YELLOW_LEDPTR                                                                        
2001b8bc  RED_LEDPTR                                                                           
2001b8c0  GREEN_LEDPTR                                                                         
2001b8c4  g_iCounter                                                                           
2001b8f0  xHigherPriorityTaskWoken                                                             
2001b8f4  xSimpleLinkSpawnQueue                                                                
2001b8f8  xSimpleLinkSpawnTaskHndl                                                             
2001b908  _lock                                                                                
2001b90c  _unlock                                                                              
2001b910  __TI_cleanup_ptr                                                                     
2001b914  __TI_dtors_ptr                                                                       
2001b918  _Fenv                                                                                
2001b91c  _Tls_setup__Fenv                                                                     
2001b928  _Errno                                                                               
2001b92c  main_func_sp                                                                         
2002ff00  __stack                                                                              
20030000  __STACK_END                                                                          
ffffffff  __binit__                                                                            
ffffffff  __c_args__                                                                           
ffffffff  binit                                                                                

[349 symbols]
