<?xml version="1.0"?>
<link_info>
   <banner>TI ARM Linker PC v5.2.0</banner>
   <copyright>Copyright (c) 1996-2014 Texas Instruments Incorporated</copyright>
   <link_time>0x54dacbec</link_time>
   <link_errors>0x0</link_errors>
   <output_file>Foton.out</output_file>
   <entry_point>
      <name>_c_int00</name>
      <address>0x2000a6b5</address>
   </entry_point>
   <input_file_list>
      <input_file id="fl-2">
         <path>.\</path>
         <kind>object</kind>
         <file>ButtonDriver.obj</file>
         <name>ButtonDriver.obj</name>
      </input_file>
      <input_file id="fl-3">
         <path>.\</path>
         <kind>object</kind>
         <file>HC-05driver.obj</file>
         <name>HC-05driver.obj</name>
      </input_file>
      <input_file id="fl-4">
         <path>.\</path>
         <kind>object</kind>
         <file>gpio_if.obj</file>
         <name>gpio_if.obj</name>
      </input_file>
      <input_file id="fl-5">
         <path>.\</path>
         <kind>object</kind>
         <file>main.obj</file>
         <name>main.obj</name>
      </input_file>
      <input_file id="fl-6">
         <path>.\</path>
         <kind>object</kind>
         <file>pin_mux.obj</file>
         <name>pin_mux.obj</name>
      </input_file>
      <input_file id="fl-7">
         <path>.\</path>
         <kind>object</kind>
         <file>startup_ccs.obj</file>
         <name>startup_ccs.obj</name>
      </input_file>
      <input_file id="fl-8">
         <path>.\</path>
         <kind>object</kind>
         <file>uart_if.obj</file>
         <name>uart_if.obj</name>
      </input_file>
      <input_file id="fl-9">
         <path>.\</path>
         <kind>object</kind>
         <file>udma_if.obj</file>
         <name>udma_if.obj</name>
      </input_file>
      <input_file id="fl-131">
         <path>D:\TI\ccsv6\tools\compiler\ti-cgt-arm_5.2.0\lib\</path>
         <kind>archive</kind>
         <file>rtsv7M4_T_le_eabi.lib</file>
         <name>boot.obj</name>
      </input_file>
      <input_file id="fl-132">
         <path>D:\TI\ccsv6\tools\compiler\ti-cgt-arm_5.2.0\lib\</path>
         <kind>archive</kind>
         <file>rtsv7M4_T_le_eabi.lib</file>
         <name>copy_decompress_none.obj</name>
      </input_file>
      <input_file id="fl-133">
         <path>D:\TI\ccsv6\tools\compiler\ti-cgt-arm_5.2.0\lib\</path>
         <kind>archive</kind>
         <file>rtsv7M4_T_le_eabi.lib</file>
         <name>copy_decompress_rle.obj</name>
      </input_file>
      <input_file id="fl-134">
         <path>D:\TI\ccsv6\tools\compiler\ti-cgt-arm_5.2.0\lib\</path>
         <kind>archive</kind>
         <file>rtsv7M4_T_le_eabi.lib</file>
         <name>copy_zero_init.obj</name>
      </input_file>
      <input_file id="fl-135">
         <path>D:\TI\ccsv6\tools\compiler\ti-cgt-arm_5.2.0\lib\</path>
         <kind>archive</kind>
         <file>rtsv7M4_T_le_eabi.lib</file>
         <name>dtor_list.obj</name>
      </input_file>
      <input_file id="fl-136">
         <path>D:\TI\ccsv6\tools\compiler\ti-cgt-arm_5.2.0\lib\</path>
         <kind>archive</kind>
         <file>rtsv7M4_T_le_eabi.lib</file>
         <name>exit.obj</name>
      </input_file>
      <input_file id="fl-137">
         <path>D:\TI\ccsv6\tools\compiler\ti-cgt-arm_5.2.0\lib\</path>
         <kind>archive</kind>
         <file>rtsv7M4_T_le_eabi.lib</file>
         <name>memcpy_t2.obj</name>
      </input_file>
      <input_file id="fl-138">
         <path>D:\TI\ccsv6\tools\compiler\ti-cgt-arm_5.2.0\lib\</path>
         <kind>archive</kind>
         <file>rtsv7M4_T_le_eabi.lib</file>
         <name>memmov.obj</name>
      </input_file>
      <input_file id="fl-139">
         <path>D:\TI\ccsv6\tools\compiler\ti-cgt-arm_5.2.0\lib\</path>
         <kind>archive</kind>
         <file>rtsv7M4_T_le_eabi.lib</file>
         <name>memory.obj</name>
      </input_file>
      <input_file id="fl-13a">
         <path>D:\TI\ccsv6\tools\compiler\ti-cgt-arm_5.2.0\lib\</path>
         <kind>archive</kind>
         <file>rtsv7M4_T_le_eabi.lib</file>
         <name>memset_t2.obj</name>
      </input_file>
      <input_file id="fl-13b">
         <path>D:\TI\ccsv6\tools\compiler\ti-cgt-arm_5.2.0\lib\</path>
         <kind>archive</kind>
         <file>rtsv7M4_T_le_eabi.lib</file>
         <name>pre_init.obj</name>
      </input_file>
      <input_file id="fl-13c">
         <path>D:\TI\ccsv6\tools\compiler\ti-cgt-arm_5.2.0\lib\</path>
         <kind>archive</kind>
         <file>rtsv7M4_T_le_eabi.lib</file>
         <name>stkdepth_vars.obj</name>
      </input_file>
      <input_file id="fl-13d">
         <path>D:\TI\ccsv6\tools\compiler\ti-cgt-arm_5.2.0\lib\</path>
         <kind>archive</kind>
         <file>rtsv7M4_T_le_eabi.lib</file>
         <name>strlen.obj</name>
      </input_file>
      <input_file id="fl-13e">
         <path>D:\TI\ccsv6\tools\compiler\ti-cgt-arm_5.2.0\lib\</path>
         <kind>archive</kind>
         <file>rtsv7M4_T_le_eabi.lib</file>
         <name>vsnprintf.obj</name>
      </input_file>
      <input_file id="fl-13f">
         <path>D:\TI\ccsv6\tools\compiler\ti-cgt-arm_5.2.0\lib\</path>
         <kind>archive</kind>
         <file>rtsv7M4_T_le_eabi.lib</file>
         <name>_lock.obj</name>
      </input_file>
      <input_file id="fl-140">
         <path>D:\TI\ccsv6\tools\compiler\ti-cgt-arm_5.2.0\lib\</path>
         <kind>archive</kind>
         <file>rtsv7M4_T_le_eabi.lib</file>
         <name>_printfi.obj</name>
      </input_file>
      <input_file id="fl-141">
         <path>D:\TI\ccsv6\tools\compiler\ti-cgt-arm_5.2.0\lib\</path>
         <kind>archive</kind>
         <file>rtsv7M4_T_le_eabi.lib</file>
         <name>args_main.obj</name>
      </input_file>
      <input_file id="fl-142">
         <path>D:\TI\ccsv6\tools\compiler\ti-cgt-arm_5.2.0\lib\</path>
         <kind>archive</kind>
         <file>rtsv7M4_T_le_eabi.lib</file>
         <name>atoi.obj</name>
      </input_file>
      <input_file id="fl-143">
         <path>D:\TI\ccsv6\tools\compiler\ti-cgt-arm_5.2.0\lib\</path>
         <kind>archive</kind>
         <file>rtsv7M4_T_le_eabi.lib</file>
         <name>autoinit.obj</name>
      </input_file>
      <input_file id="fl-144">
         <path>D:\TI\ccsv6\tools\compiler\ti-cgt-arm_5.2.0\lib\</path>
         <kind>archive</kind>
         <file>rtsv7M4_T_le_eabi.lib</file>
         <name>cpy_tbl.obj</name>
      </input_file>
      <input_file id="fl-145">
         <path>D:\TI\ccsv6\tools\compiler\ti-cgt-arm_5.2.0\lib\</path>
         <kind>archive</kind>
         <file>rtsv7M4_T_le_eabi.lib</file>
         <name>ctype.obj</name>
      </input_file>
      <input_file id="fl-146">
         <path>D:\TI\ccsv6\tools\compiler\ti-cgt-arm_5.2.0\lib\</path>
         <kind>archive</kind>
         <file>rtsv7M4_T_le_eabi.lib</file>
         <name>fd_add_t2.obj</name>
      </input_file>
      <input_file id="fl-147">
         <path>D:\TI\ccsv6\tools\compiler\ti-cgt-arm_5.2.0\lib\</path>
         <kind>archive</kind>
         <file>rtsv7M4_T_le_eabi.lib</file>
         <name>fd_cmp_t2.obj</name>
      </input_file>
      <input_file id="fl-148">
         <path>D:\TI\ccsv6\tools\compiler\ti-cgt-arm_5.2.0\lib\</path>
         <kind>archive</kind>
         <file>rtsv7M4_T_le_eabi.lib</file>
         <name>fd_div_t2.obj</name>
      </input_file>
      <input_file id="fl-149">
         <path>D:\TI\ccsv6\tools\compiler\ti-cgt-arm_5.2.0\lib\</path>
         <kind>archive</kind>
         <file>rtsv7M4_T_le_eabi.lib</file>
         <name>fd_mul_t2.obj</name>
      </input_file>
      <input_file id="fl-14a">
         <path>D:\TI\ccsv6\tools\compiler\ti-cgt-arm_5.2.0\lib\</path>
         <kind>archive</kind>
         <file>rtsv7M4_T_le_eabi.lib</file>
         <name>fd_toi_t2.obj</name>
      </input_file>
      <input_file id="fl-14b">
         <path>D:\TI\ccsv6\tools\compiler\ti-cgt-arm_5.2.0\lib\</path>
         <kind>archive</kind>
         <file>rtsv7M4_T_le_eabi.lib</file>
         <name>frexp.obj</name>
      </input_file>
      <input_file id="fl-14c">
         <path>D:\TI\ccsv6\tools\compiler\ti-cgt-arm_5.2.0\lib\</path>
         <kind>archive</kind>
         <file>rtsv7M4_T_le_eabi.lib</file>
         <name>i_tofd_t2.obj</name>
      </input_file>
      <input_file id="fl-14d">
         <path>D:\TI\ccsv6\tools\compiler\ti-cgt-arm_5.2.0\lib\</path>
         <kind>archive</kind>
         <file>rtsv7M4_T_le_eabi.lib</file>
         <name>ldexp.obj</name>
      </input_file>
      <input_file id="fl-14e">
         <path>D:\TI\ccsv6\tools\compiler\ti-cgt-arm_5.2.0\lib\</path>
         <kind>archive</kind>
         <file>rtsv7M4_T_le_eabi.lib</file>
         <name>ltoa.obj</name>
      </input_file>
      <input_file id="fl-14f">
         <path>D:\TI\ccsv6\tools\compiler\ti-cgt-arm_5.2.0\lib\</path>
         <kind>archive</kind>
         <file>rtsv7M4_T_le_eabi.lib</file>
         <name>memccpy.obj</name>
      </input_file>
      <input_file id="fl-150">
         <path>D:\TI\ccsv6\tools\compiler\ti-cgt-arm_5.2.0\lib\</path>
         <kind>archive</kind>
         <file>rtsv7M4_T_le_eabi.lib</file>
         <name>strchr.obj</name>
      </input_file>
      <input_file id="fl-151">
         <path>D:\TI\ccsv6\tools\compiler\ti-cgt-arm_5.2.0\lib\</path>
         <kind>archive</kind>
         <file>rtsv7M4_T_le_eabi.lib</file>
         <name>ull_div_t2.obj</name>
      </input_file>
      <input_file id="fl-152">
         <path>D:\TI\ccsv6\tools\compiler\ti-cgt-arm_5.2.0\lib\</path>
         <kind>archive</kind>
         <file>rtsv7M4_T_le_eabi.lib</file>
         <name>xdclass.obj</name>
      </input_file>
      <input_file id="fl-153">
         <path>D:\TI\ccsv6\tools\compiler\ti-cgt-arm_5.2.0\lib\</path>
         <kind>archive</kind>
         <file>rtsv7M4_T_le_eabi.lib</file>
         <name>xdscale.obj</name>
      </input_file>
      <input_file id="fl-154">
         <path>D:\TI\ccsv6\tools\compiler\ti-cgt-arm_5.2.0\lib\</path>
         <kind>archive</kind>
         <file>rtsv7M4_T_le_eabi.lib</file>
         <name>xdunscal.obj</name>
      </input_file>
      <input_file id="fl-155">
         <path>D:\TI\ccsv6\tools\compiler\ti-cgt-arm_5.2.0\lib\</path>
         <kind>archive</kind>
         <file>rtsv7M4_T_le_eabi.lib</file>
         <name>xferaise.obj</name>
      </input_file>
      <input_file id="fl-156">
         <path>D:\TI\ccsv6\tools\compiler\ti-cgt-arm_5.2.0\lib\</path>
         <kind>archive</kind>
         <file>rtsv7M4_T_le_eabi.lib</file>
         <name>xvalues.obj</name>
      </input_file>
      <input_file id="fl-157">
         <path>D:\TI\ccsv6\tools\compiler\ti-cgt-arm_5.2.0\lib\</path>
         <kind>archive</kind>
         <file>rtsv7M4_T_le_eabi.lib</file>
         <name>errno.obj</name>
      </input_file>
      <input_file id="fl-158">
         <path>D:\TI\ccsv6\tools\compiler\ti-cgt-arm_5.2.0\lib\</path>
         <kind>archive</kind>
         <file>rtsv7M4_T_le_eabi.lib</file>
         <name>feraiseexcept.obj</name>
      </input_file>
      <input_file id="fl-159">
         <path>D:\TI\ccsv6\tools\compiler\ti-cgt-arm_5.2.0\lib\</path>
         <kind>archive</kind>
         <file>rtsv7M4_T_le_eabi.lib</file>
         <name>raise.obj</name>
      </input_file>
      <input_file id="fl-15a">
         <path>D:\TI\ccsv6\tools\compiler\ti-cgt-arm_5.2.0\lib\</path>
         <kind>archive</kind>
         <file>rtsv7M4_T_le_eabi.lib</file>
         <name>signal.obj</name>
      </input_file>
      <input_file id="fl-15b">
         <path>D:\TI\ccsv6\tools\compiler\ti-cgt-arm_5.2.0\lib\</path>
         <kind>archive</kind>
         <file>rtsv7M4_T_le_eabi.lib</file>
         <name>xdnorm.obj</name>
      </input_file>
      <input_file id="fl-15c">
         <path>C:\ti\CC3200SDK_1.0.0\cc3200-sdk\oslib\ccs\free_rtos\</path>
         <kind>archive</kind>
         <file>free_rtos.a</file>
         <name>osi_freertos.obj</name>
      </input_file>
      <input_file id="fl-15d">
         <path>C:\ti\CC3200SDK_1.0.0\cc3200-sdk\oslib\ccs\free_rtos\</path>
         <kind>archive</kind>
         <file>free_rtos.a</file>
         <name>port.obj</name>
      </input_file>
      <input_file id="fl-15e">
         <path>C:\ti\CC3200SDK_1.0.0\cc3200-sdk\oslib\ccs\free_rtos\</path>
         <kind>archive</kind>
         <file>free_rtos.a</file>
         <name>portasm.obj</name>
      </input_file>
      <input_file id="fl-15f">
         <path>C:\ti\CC3200SDK_1.0.0\cc3200-sdk\oslib\ccs\free_rtos\</path>
         <kind>archive</kind>
         <file>free_rtos.a</file>
         <name>queue.obj</name>
      </input_file>
      <input_file id="fl-160">
         <path>C:\ti\CC3200SDK_1.0.0\cc3200-sdk\oslib\ccs\free_rtos\</path>
         <kind>archive</kind>
         <file>free_rtos.a</file>
         <name>tasks.obj</name>
      </input_file>
      <input_file id="fl-161">
         <path>C:\ti\CC3200SDK_1.0.0\cc3200-sdk\oslib\ccs\free_rtos\</path>
         <kind>archive</kind>
         <file>free_rtos.a</file>
         <name>heap_3.obj</name>
      </input_file>
      <input_file id="fl-162">
         <path>C:\ti\CC3200SDK_1.0.0\cc3200-sdk\oslib\ccs\free_rtos\</path>
         <kind>archive</kind>
         <file>free_rtos.a</file>
         <name>list.obj</name>
      </input_file>
      <input_file id="fl-163">
         <path>C:\ti\CC3200SDK_1.0.0\cc3200-sdk\driverlib\ccs\Release\</path>
         <kind>archive</kind>
         <file>driverlib.a</file>
         <name>gpio.obj</name>
      </input_file>
      <input_file id="fl-164">
         <path>C:\ti\CC3200SDK_1.0.0\cc3200-sdk\driverlib\ccs\Release\</path>
         <kind>archive</kind>
         <file>driverlib.a</file>
         <name>interrupt.obj</name>
      </input_file>
      <input_file id="fl-165">
         <path>C:\ti\CC3200SDK_1.0.0\cc3200-sdk\driverlib\ccs\Release\</path>
         <kind>archive</kind>
         <file>driverlib.a</file>
         <name>pin.obj</name>
      </input_file>
      <input_file id="fl-166">
         <path>C:\ti\CC3200SDK_1.0.0\cc3200-sdk\driverlib\ccs\Release\</path>
         <kind>archive</kind>
         <file>driverlib.a</file>
         <name>prcm.obj</name>
      </input_file>
      <input_file id="fl-167">
         <path>C:\ti\CC3200SDK_1.0.0\cc3200-sdk\driverlib\ccs\Release\</path>
         <kind>archive</kind>
         <file>driverlib.a</file>
         <name>uart.obj</name>
      </input_file>
      <input_file id="fl-168">
         <path>C:\ti\CC3200SDK_1.0.0\cc3200-sdk\driverlib\ccs\Release\</path>
         <kind>archive</kind>
         <file>driverlib.a</file>
         <name>udma.obj</name>
      </input_file>
      <input_file id="fl-169">
         <path>C:\ti\CC3200SDK_1.0.0\cc3200-sdk\driverlib\ccs\Release\</path>
         <kind>archive</kind>
         <file>driverlib.a</file>
         <name>utils.obj</name>
      </input_file>
      <input_file id="fl-16a">
         <path>C:\ti\CC3200SDK_1.0.0\cc3200-sdk\driverlib\ccs\Release\</path>
         <kind>archive</kind>
         <file>driverlib.a</file>
         <name>cpu.obj</name>
      </input_file>
      <input_file id="fl-16b">
         <path>C:\ti\CC3200SDK_1.0.0\cc3200-sdk\driverlib\ccs\Release\</path>
         <kind>archive</kind>
         <file>driverlib.a</file>
         <name>flash.obj</name>
      </input_file>
      <input_file id="fl-16c">
         <path>D:\TI\ccsv6\tools\compiler\ti-cgt-arm_5.2.0\lib\</path>
         <kind>archive</kind>
         <file>rtsv7M4_T_le_eabi.lib</file>
         <name>ll_lsr_t2.obj</name>
      </input_file>
   </input_file_list>
   <object_component_list>
      <object_component id="oc-f">
         <name>.intvecs</name>
         <load_address>0x20004000</load_address>
         <run_address>0x20004000</run_address>
         <size>0x400</size>
         <input_file_ref idref="fl-7"/>
      </object_component>
      <object_component id="oc-29">
         <name>.init_array</name>
         <load_address>0x2000b258</load_address>
         <run_address>0x2000b258</run_address>
         <size>0x4</size>
         <input_file_ref idref="fl-5"/>
      </object_component>
      <object_component id="oc-8e">
         <name>.text</name>
         <load_address>0x20004400</load_address>
         <run_address>0x20004400</run_address>
         <size>0x1258</size>
         <input_file_ref idref="fl-160"/>
      </object_component>
      <object_component id="oc-418">
         <name>.text</name>
         <load_address>0x20005658</load_address>
         <run_address>0x20005658</run_address>
         <size>0x10a6</size>
         <input_file_ref idref="fl-140"/>
      </object_component>
      <object_component id="oc-455">
         <name>.text:IntDefaultHandler</name>
         <load_address>0x200066fe</load_address>
         <run_address>0x200066fe</run_address>
         <size>0x2</size>
         <input_file_ref idref="fl-164"/>
      </object_component>
      <object_component id="oc-30f">
         <name>.text</name>
         <load_address>0x20006700</load_address>
         <run_address>0x20006700</run_address>
         <size>0xb24</size>
         <input_file_ref idref="fl-15f"/>
      </object_component>
      <object_component id="oc-83">
         <name>.text</name>
         <load_address>0x20007224</load_address>
         <run_address>0x20007224</run_address>
         <size>0x514</size>
         <input_file_ref idref="fl-5"/>
      </object_component>
      <object_component id="oc-128">
         <name>.text</name>
         <load_address>0x20007738</load_address>
         <run_address>0x20007738</run_address>
         <size>0x4f4</size>
         <input_file_ref idref="fl-2"/>
      </object_component>
      <object_component id="oc-13c">
         <name>.text</name>
         <load_address>0x20007c2c</load_address>
         <run_address>0x20007c2c</run_address>
         <size>0x45c</size>
         <input_file_ref idref="fl-15c"/>
      </object_component>
      <object_component id="oc-29f">
         <name>.text</name>
         <load_address>0x20008088</load_address>
         <run_address>0x20008088</run_address>
         <size>0x3dc</size>
         <input_file_ref idref="fl-139"/>
      </object_component>
      <object_component id="oc-14f">
         <name>.text</name>
         <load_address>0x20008464</load_address>
         <run_address>0x20008464</run_address>
         <size>0x374</size>
         <input_file_ref idref="fl-3"/>
      </object_component>
      <object_component id="oc-122">
         <name>.text</name>
         <load_address>0x200087d8</load_address>
         <run_address>0x200087d8</run_address>
         <size>0x26c</size>
         <input_file_ref idref="fl-8"/>
      </object_component>
      <object_component id="oc-116">
         <name>.text</name>
         <load_address>0x20008a44</load_address>
         <run_address>0x20008a44</run_address>
         <size>0x200</size>
         <input_file_ref idref="fl-9"/>
      </object_component>
      <object_component id="oc-496">
         <name>.text</name>
         <load_address>0x20008c44</load_address>
         <run_address>0x20008c44</run_address>
         <size>0x1f4</size>
         <input_file_ref idref="fl-151"/>
      </object_component>
      <object_component id="oc-4bf">
         <name>.text</name>
         <load_address>0x20008e38</load_address>
         <run_address>0x20008e38</run_address>
         <size>0x1b6</size>
         <input_file_ref idref="fl-146"/>
      </object_component>
      <object_component id="oc-4a5">
         <name>.text</name>
         <load_address>0x20008fee</load_address>
         <run_address>0x20008fee</run_address>
         <size>0x136</size>
         <input_file_ref idref="fl-148"/>
      </object_component>
      <object_component id="oc-10d">
         <name>.text:PRCMCC3200MCUInit</name>
         <load_address>0x20009124</load_address>
         <run_address>0x20009124</run_address>
         <size>0x134</size>
         <input_file_ref idref="fl-166"/>
      </object_component>
      <object_component id="oc-17b">
         <name>.text</name>
         <load_address>0x20009258</load_address>
         <run_address>0x20009258</run_address>
         <size>0x12a</size>
         <input_file_ref idref="fl-162"/>
      </object_component>
      <object_component id="oc-39">
         <name>.text</name>
         <load_address>0x20009384</load_address>
         <run_address>0x20009384</run_address>
         <size>0x110</size>
         <input_file_ref idref="fl-15d"/>
      </object_component>
      <object_component id="oc-525">
         <name>.text</name>
         <load_address>0x20009494</load_address>
         <run_address>0x20009494</run_address>
         <size>0x110</size>
         <input_file_ref idref="fl-153"/>
      </object_component>
      <object_component id="oc-4a0">
         <name>.text</name>
         <load_address>0x200095a4</load_address>
         <run_address>0x200095a4</run_address>
         <size>0xfc</size>
         <input_file_ref idref="fl-149"/>
      </object_component>
      <object_component id="oc-149">
         <name>.text</name>
         <load_address>0x200096a0</load_address>
         <run_address>0x200096a0</run_address>
         <size>0xf4</size>
         <input_file_ref idref="fl-135"/>
      </object_component>
      <object_component id="oc-241">
         <name>.text:uDMAChannelTransferSet</name>
         <load_address>0x20009794</load_address>
         <run_address>0x20009794</run_address>
         <size>0xf0</size>
         <input_file_ref idref="fl-168"/>
      </object_component>
      <object_component id="oc-549">
         <name>.text</name>
         <load_address>0x20009884</load_address>
         <run_address>0x20009884</run_address>
         <size>0xbe</size>
         <input_file_ref idref="fl-15b"/>
      </object_component>
      <object_component id="oc-34">
         <name>.text</name>
         <load_address>0x20009944</load_address>
         <run_address>0x20009944</run_address>
         <size>0xba</size>
         <input_file_ref idref="fl-15e"/>
      </object_component>
      <object_component id="oc-2ee">
         <name>.text:IntDisable</name>
         <load_address>0x20009a00</load_address>
         <run_address>0x20009a00</run_address>
         <size>0xa8</size>
         <input_file_ref idref="fl-164"/>
      </object_component>
      <object_component id="oc-107">
         <name>.text:IntEnable</name>
         <load_address>0x20009aa8</load_address>
         <run_address>0x20009aa8</run_address>
         <size>0xa8</size>
         <input_file_ref idref="fl-164"/>
      </object_component>
      <object_component id="oc-42">
         <name>.text</name>
         <load_address>0x20009b50</load_address>
         <run_address>0x20009b50</run_address>
         <size>0x9c</size>
         <input_file_ref idref="fl-137"/>
      </object_component>
      <object_component id="oc-275">
         <name>.text:PRCMPeripheralClockGet</name>
         <load_address>0x20009bec</load_address>
         <run_address>0x20009bec</run_address>
         <size>0x94</size>
         <input_file_ref idref="fl-166"/>
      </object_component>
      <object_component id="oc-d7">
         <name>.text:PinConfigSet</name>
         <load_address>0x20009c80</load_address>
         <run_address>0x20009c80</run_address>
         <size>0x88</size>
         <input_file_ref idref="fl-165"/>
      </object_component>
      <object_component id="oc-287">
         <name>.text</name>
         <load_address>0x20009d08</load_address>
         <run_address>0x20009d08</run_address>
         <size>0x88</size>
         <input_file_ref idref="fl-13e"/>
      </object_component>
      <object_component id="oc-49b">
         <name>.text:__aeabi_cdcmple</name>
         <load_address>0x20009d90</load_address>
         <run_address>0x20009d90</run_address>
         <size>0x86</size>
         <input_file_ref idref="fl-147"/>
      </object_component>
      <object_component id="oc-4aa">
         <name>.text:__aeabi_cdrcmple</name>
         <load_address>0x20009e16</load_address>
         <run_address>0x20009e16</run_address>
         <size>0x86</size>
         <input_file_ref idref="fl-147"/>
      </object_component>
      <object_component id="oc-2d6">
         <name>.text:GPIOIntTypeSet</name>
         <load_address>0x20009e9c</load_address>
         <run_address>0x20009e9c</run_address>
         <size>0x82</size>
         <input_file_ref idref="fl-163"/>
      </object_component>
      <object_component id="oc-5b">
         <name>.text</name>
         <load_address>0x20009f1e</load_address>
         <run_address>0x20009f1e</run_address>
         <size>0x7a</size>
         <input_file_ref idref="fl-13a"/>
      </object_component>
      <object_component id="oc-27b">
         <name>.text:UARTConfigSetExpClk</name>
         <load_address>0x20009f98</load_address>
         <run_address>0x20009f98</run_address>
         <size>0x76</size>
         <input_file_ref idref="fl-167"/>
      </object_component>
      <object_component id="oc-6d">
         <name>.text</name>
         <load_address>0x2000a010</load_address>
         <run_address>0x2000a010</run_address>
         <size>0x6c</size>
         <input_file_ref idref="fl-143"/>
      </object_component>
      <object_component id="oc-4e">
         <name>.text</name>
         <load_address>0x2000a07c</load_address>
         <run_address>0x2000a07c</run_address>
         <size>0x6a</size>
         <input_file_ref idref="fl-133"/>
      </object_component>
      <object_component id="oc-51d">
         <name>.text</name>
         <load_address>0x2000a0e6</load_address>
         <run_address>0x2000a0e6</run_address>
         <size>0x66</size>
         <input_file_ref idref="fl-154"/>
      </object_component>
      <object_component id="oc-22f">
         <name>.text:uDMAChannelAttributeDisable</name>
         <load_address>0x2000a14c</load_address>
         <run_address>0x2000a14c</run_address>
         <size>0x64</size>
         <input_file_ref idref="fl-168"/>
      </object_component>
      <object_component id="oc-23b">
         <name>.text:uDMAChannelAttributeEnable</name>
         <load_address>0x2000a1b0</load_address>
         <run_address>0x2000a1b0</run_address>
         <size>0x64</size>
         <input_file_ref idref="fl-168"/>
      </object_component>
      <object_component id="oc-2f4">
         <name>.text:IntPendClear</name>
         <load_address>0x2000a214</load_address>
         <run_address>0x2000a214</run_address>
         <size>0x58</size>
         <input_file_ref idref="fl-164"/>
      </object_component>
      <object_component id="oc-1f6">
         <name>.text:PRCMPeripheralReset</name>
         <load_address>0x2000a26c</load_address>
         <run_address>0x2000a26c</run_address>
         <size>0x58</size>
         <input_file_ref idref="fl-166"/>
      </object_component>
      <object_component id="oc-4b4">
         <name>.text</name>
         <load_address>0x2000a2c4</load_address>
         <run_address>0x2000a2c4</run_address>
         <size>0x56</size>
         <input_file_ref idref="fl-14e"/>
      </object_component>
      <object_component id="oc-303">
         <name>.text:IntPrioritySet</name>
         <load_address>0x2000a31c</load_address>
         <run_address>0x2000a31c</run_address>
         <size>0x54</size>
         <input_file_ref idref="fl-164"/>
      </object_component>
      <object_component id="oc-4e2">
         <name>.text</name>
         <load_address>0x2000a370</load_address>
         <run_address>0x2000a370</run_address>
         <size>0x4c</size>
         <input_file_ref idref="fl-142"/>
      </object_component>
      <object_component id="oc-c2">
         <name>.text</name>
         <load_address>0x2000a3bc</load_address>
         <run_address>0x2000a3bc</run_address>
         <size>0x4c</size>
         <input_file_ref idref="fl-144"/>
      </object_component>
      <object_component id="oc-229">
         <name>.text:uDMAChannelAssign</name>
         <load_address>0x2000a408</load_address>
         <run_address>0x2000a408</run_address>
         <size>0x4c</size>
         <input_file_ref idref="fl-168"/>
      </object_component>
      <object_component id="oc-43d">
         <name>.text:GPIOGetIntNumber</name>
         <load_address>0x2000a454</load_address>
         <run_address>0x2000a454</run_address>
         <size>0x48</size>
         <input_file_ref idref="fl-163"/>
      </object_component>
      <object_component id="oc-4af">
         <name>.text</name>
         <load_address>0x2000a49c</load_address>
         <run_address>0x2000a49c</run_address>
         <size>0x48</size>
         <input_file_ref idref="fl-14a"/>
      </object_component>
      <object_component id="oc-4ca">
         <name>.text</name>
         <load_address>0x2000a4e4</load_address>
         <run_address>0x2000a4e4</run_address>
         <size>0x46</size>
         <input_file_ref idref="fl-14d"/>
      </object_component>
      <object_component id="oc-469">
         <name>.text:UARTIntNumberGet</name>
         <load_address>0x2000a52c</load_address>
         <run_address>0x2000a52c</run_address>
         <size>0x44</size>
         <input_file_ref idref="fl-167"/>
      </object_component>
      <object_component id="oc-12e">
         <name>.text:_ZN20BUTTON_DEBOUNCE_CTRLC1Ev</name>
         <load_address>0x2000a570</load_address>
         <run_address>0x2000a570</run_address>
         <size>0x44</size>
         <input_file_ref idref="fl-5"/>
      </object_component>
      <object_component id="oc-79">
         <name>.text</name>
         <load_address>0x2000a5b4</load_address>
         <run_address>0x2000a5b4</run_address>
         <size>0x44</size>
         <input_file_ref idref="fl-136"/>
      </object_component>
      <object_component id="oc-dd">
         <name>.text:PinModeSet</name>
         <load_address>0x2000a5f8</load_address>
         <run_address>0x2000a5f8</run_address>
         <size>0x40</size>
         <input_file_ref idref="fl-165"/>
      </object_component>
      <object_component id="oc-58c">
         <name>.text</name>
         <load_address>0x2000a638</load_address>
         <run_address>0x2000a638</run_address>
         <size>0x40</size>
         <input_file_ref idref="fl-15a"/>
      </object_component>
      <object_component id="oc-ef">
         <name>.text:PRCMPeripheralClkEnable</name>
         <load_address>0x2000a678</load_address>
         <run_address>0x2000a678</run_address>
         <size>0x3c</size>
         <input_file_ref idref="fl-166"/>
      </object_component>
      <object_component id="oc-24">
         <name>.text</name>
         <load_address>0x2000a6b4</load_address>
         <run_address>0x2000a6b4</run_address>
         <size>0x3c</size>
         <input_file_ref idref="fl-131"/>
      </object_component>
      <object_component id="oc-235">
         <name>.text:uDMAChannelControlSet</name>
         <load_address>0x2000a6f0</load_address>
         <run_address>0x2000a6f0</run_address>
         <size>0x3c</size>
         <input_file_ref idref="fl-168"/>
      </object_component>
      <object_component id="oc-2b3">
         <name>.text:_ZN12ButtonDriver14getButtonStateEv</name>
         <load_address>0x2000a72c</load_address>
         <run_address>0x2000a72c</run_address>
         <size>0x3a</size>
         <input_file_ref idref="fl-2"/>
      </object_component>
      <object_component id="oc-142">
         <name>.text:_ZN13PinDefinitionC1Ev</name>
         <load_address>0x2000a766</load_address>
         <run_address>0x2000a766</run_address>
         <size>0x38</size>
         <input_file_ref idref="fl-2"/>
      </object_component>
      <object_component id="oc-18b">
         <name>.text</name>
         <load_address>0x2000a79e</load_address>
         <run_address>0x2000a79e</run_address>
         <size>0x38</size>
         <input_file_ref idref="fl-161"/>
      </object_component>
      <object_component id="oc-f5">
         <name>.text:GPIODirModeSet</name>
         <load_address>0x2000a7d6</load_address>
         <run_address>0x2000a7d6</run_address>
         <size>0x36</size>
         <input_file_ref idref="fl-163"/>
      </object_component>
      <object_component id="oc-558">
         <name>.text</name>
         <load_address>0x2000a80c</load_address>
         <run_address>0x2000a80c</run_address>
         <size>0x34</size>
         <input_file_ref idref="fl-158"/>
      </object_component>
      <object_component id="oc-2d0">
         <name>.text:PinTypeGPIO</name>
         <load_address>0x2000a840</load_address>
         <run_address>0x2000a840</run_address>
         <size>0x30</size>
         <input_file_ref idref="fl-165"/>
      </object_component>
      <object_component id="oc-36c">
         <name>.text:UARTDisable</name>
         <load_address>0x2000a870</load_address>
         <run_address>0x2000a870</run_address>
         <size>0x30</size>
         <input_file_ref idref="fl-167"/>
      </object_component>
      <object_component id="oc-52b">
         <name>.text</name>
         <load_address>0x2000a8a0</load_address>
         <run_address>0x2000a8a0</run_address>
         <size>0x30</size>
         <input_file_ref idref="fl-155"/>
      </object_component>
      <object_component id="oc-4ba">
         <name>.text</name>
         <load_address>0x2000a8d0</load_address>
         <run_address>0x2000a8d0</run_address>
         <size>0x2e</size>
         <input_file_ref idref="fl-14c"/>
      </object_component>
      <object_component id="oc-57c">
         <name>.text</name>
         <load_address>0x2000a8fe</load_address>
         <run_address>0x2000a8fe</run_address>
         <size>0x2e</size>
         <input_file_ref idref="fl-159"/>
      </object_component>
      <object_component id="oc-202">
         <name>.text:PRCMSysResetCauseGet</name>
         <load_address>0x2000a92c</load_address>
         <run_address>0x2000a92c</run_address>
         <size>0x2c</size>
         <input_file_ref idref="fl-166"/>
      </object_component>
      <object_component id="oc-4d6">
         <name>.text</name>
         <load_address>0x2000a958</load_address>
         <run_address>0x2000a958</run_address>
         <size>0x2a</size>
         <input_file_ref idref="fl-152"/>
      </object_component>
      <object_component id="oc-1fc">
         <name>.text:PRCMPeripheralClkDisable</name>
         <load_address>0x2000a984</load_address>
         <run_address>0x2000a984</run_address>
         <size>0x28</size>
         <input_file_ref idref="fl-166"/>
      </object_component>
      <object_component id="oc-309">
         <name>.text:IntUnregister</name>
         <load_address>0x2000a9ac</load_address>
         <run_address>0x2000a9ac</run_address>
         <size>0x24</size>
         <input_file_ref idref="fl-164"/>
      </object_component>
      <object_component id="oc-366">
         <name>.text:UARTEnable</name>
         <load_address>0x2000a9d0</load_address>
         <run_address>0x2000a9d0</run_address>
         <size>0x24</size>
         <input_file_ref idref="fl-167"/>
      </object_component>
      <object_component id="oc-299">
         <name>.text</name>
         <load_address>0x2000a9f4</load_address>
         <run_address>0x2000a9f4</run_address>
         <size>0x24</size>
         <input_file_ref idref="fl-138"/>
      </object_component>
      <object_component id="oc-2c1">
         <name>.text:GPIOIntStatus</name>
         <load_address>0x2000aa18</load_address>
         <run_address>0x2000aa18</run_address>
         <size>0x22</size>
         <input_file_ref idref="fl-163"/>
      </object_component>
      <object_component id="oc-2ba">
         <name>.text:_ZN12ButtonDriver11pressButtonEv</name>
         <load_address>0x2000aa3a</load_address>
         <run_address>0x2000aa3a</run_address>
         <size>0x22</size>
         <input_file_ref idref="fl-2"/>
      </object_component>
      <object_component id="oc-4c4">
         <name>.text</name>
         <load_address>0x2000aa5c</load_address>
         <run_address>0x2000aa5c</run_address>
         <size>0x22</size>
         <input_file_ref idref="fl-14b"/>
      </object_component>
      <object_component id="oc-e3">
         <name>.text:GPIOPinWrite</name>
         <load_address>0x2000aa7e</load_address>
         <run_address>0x2000aa7e</run_address>
         <size>0x20</size>
         <input_file_ref idref="fl-163"/>
      </object_component>
      <object_component id="oc-2fd">
         <name>.text:IntRegister</name>
         <load_address>0x2000aaa0</load_address>
         <run_address>0x2000aaa0</run_address>
         <size>0x20</size>
         <input_file_ref idref="fl-164"/>
      </object_component>
      <object_component id="oc-2dc">
         <name>.text:GPIOIntRegister</name>
         <load_address>0x2000aac0</load_address>
         <run_address>0x2000aac0</run_address>
         <size>0x1e</size>
         <input_file_ref idref="fl-163"/>
      </object_component>
      <object_component id="oc-281">
         <name>.text:UARTCharPut</name>
         <load_address>0x2000aade</load_address>
         <run_address>0x2000aade</run_address>
         <size>0x1e</size>
         <input_file_ref idref="fl-167"/>
      </object_component>
      <object_component id="oc-34e">
         <name>.text:UARTIntRegister</name>
         <load_address>0x2000aafc</load_address>
         <run_address>0x2000aafc</run_address>
         <size>0x1e</size>
         <input_file_ref idref="fl-167"/>
      </object_component>
      <object_component id="oc-336">
         <name>.text:UARTIntStatus</name>
         <load_address>0x2000ab1a</load_address>
         <run_address>0x2000ab1a</run_address>
         <size>0x1e</size>
         <input_file_ref idref="fl-167"/>
      </object_component>
      <object_component id="oc-4dc">
         <name>.text</name>
         <load_address>0x2000ab38</load_address>
         <run_address>0x2000ab38</run_address>
         <size>0x1c</size>
         <input_file_ref idref="fl-14f"/>
      </object_component>
      <object_component id="oc-253">
         <name>.text:uDMAChannelDisable</name>
         <load_address>0x2000ab54</load_address>
         <run_address>0x2000ab54</run_address>
         <size>0x1c</size>
         <input_file_ref idref="fl-168"/>
      </object_component>
      <object_component id="oc-247">
         <name>.text:uDMAChannelEnable</name>
         <load_address>0x2000ab70</load_address>
         <run_address>0x2000ab70</run_address>
         <size>0x1c</size>
         <input_file_ref idref="fl-168"/>
      </object_component>
      <object_component id="oc-24d">
         <name>.text:uDMAChannelRequest</name>
         <load_address>0x2000ab8c</load_address>
         <run_address>0x2000ab8c</run_address>
         <size>0x1c</size>
         <input_file_ref idref="fl-168"/>
      </object_component>
      <object_component id="oc-2e8">
         <name>.text:GPIOIntDisable</name>
         <load_address>0x2000aba8</load_address>
         <run_address>0x2000aba8</run_address>
         <size>0x1a</size>
         <input_file_ref idref="fl-163"/>
      </object_component>
      <object_component id="oc-2e2">
         <name>.text:GPIOIntEnable</name>
         <load_address>0x2000abc2</load_address>
         <run_address>0x2000abc2</run_address>
         <size>0x1a</size>
         <input_file_ref idref="fl-163"/>
      </object_component>
      <object_component id="oc-348">
         <name>.text:PinTypeUART</name>
         <load_address>0x2000abdc</load_address>
         <run_address>0x2000abdc</run_address>
         <size>0x1a</size>
         <input_file_ref idref="fl-165"/>
      </object_component>
      <object_component id="oc-e9">
         <name>.text:GPIOPinRead</name>
         <load_address>0x2000abf6</load_address>
         <run_address>0x2000abf6</run_address>
         <size>0x18</size>
         <input_file_ref idref="fl-163"/>
      </object_component>
      <object_component id="oc-35a">
         <name>.text:UARTDMAEnable</name>
         <load_address>0x2000ac0e</load_address>
         <run_address>0x2000ac0e</run_address>
         <size>0x18</size>
         <input_file_ref idref="fl-167"/>
      </object_component>
      <object_component id="oc-354">
         <name>.text:UARTFIFOLevelSet</name>
         <load_address>0x2000ac26</load_address>
         <run_address>0x2000ac26</run_address>
         <size>0x18</size>
         <input_file_ref idref="fl-167"/>
      </object_component>
      <object_component id="oc-342">
         <name>.text:UARTIntEnable</name>
         <load_address>0x2000ac3e</load_address>
         <run_address>0x2000ac3e</run_address>
         <size>0x18</size>
         <input_file_ref idref="fl-167"/>
      </object_component>
      <object_component id="oc-135">
         <name>.text:_ZN12ButtonDriver18registerButtonFuncEPFvRK12ButtonSTATUSRKbERK20BUTTON_DEBOUNCE_CTRL</name>
         <load_address>0x2000ac56</load_address>
         <run_address>0x2000ac56</run_address>
         <size>0x18</size>
         <input_file_ref idref="fl-5"/>
      </object_component>
      <object_component id="oc-73">
         <name>.text</name>
         <load_address>0x2000ac70</load_address>
         <run_address>0x2000ac70</run_address>
         <size>0x18</size>
         <input_file_ref idref="fl-141"/>
      </object_component>
      <object_component id="oc-1ea">
         <name>.text:PRCMHIBRegRead</name>
         <load_address>0x2000ac88</load_address>
         <run_address>0x2000ac88</run_address>
         <size>0x16</size>
         <input_file_ref idref="fl-166"/>
      </object_component>
      <object_component id="oc-1f0">
         <name>.text:PRCMHIBRegWrite</name>
         <load_address>0x2000ac9e</load_address>
         <run_address>0x2000ac9e</run_address>
         <size>0x16</size>
         <input_file_ref idref="fl-166"/>
      </object_component>
      <object_component id="oc-28d">
         <name>.text:UARTCharGet</name>
         <load_address>0x2000acb4</load_address>
         <run_address>0x2000acb4</run_address>
         <size>0x16</size>
         <input_file_ref idref="fl-167"/>
      </object_component>
      <object_component id="oc-372">
         <name>.text:UARTFIFODisable</name>
         <load_address>0x2000acca</load_address>
         <run_address>0x2000acca</run_address>
         <size>0x16</size>
         <input_file_ref idref="fl-167"/>
      </object_component>
      <object_component id="oc-360">
         <name>.text:UARTFIFOEnable</name>
         <load_address>0x2000ace0</load_address>
         <run_address>0x2000ace0</run_address>
         <size>0x16</size>
         <input_file_ref idref="fl-167"/>
      </object_component>
      <object_component id="oc-4d0">
         <name>.text</name>
         <load_address>0x2000acf6</load_address>
         <run_address>0x2000acf6</run_address>
         <size>0x16</size>
         <input_file_ref idref="fl-150"/>
      </object_component>
      <object_component id="oc-217">
         <name>.text:uDMAIntRegister</name>
         <load_address>0x2000ad0c</load_address>
         <run_address>0x2000ad0c</run_address>
         <size>0x16</size>
         <input_file_ref idref="fl-168"/>
      </object_component>
      <object_component id="oc-1da">
         <name>.text:CPUcpsie</name>
         <load_address>0x2000ad22</load_address>
         <run_address>0x2000ad22</run_address>
         <size>0x14</size>
         <input_file_ref idref="fl-16a"/>
      </object_component>
      <object_component id="oc-2c7">
         <name>.text:GPIOIntClear</name>
         <load_address>0x2000ad36</load_address>
         <run_address>0x2000ad36</run_address>
         <size>0x14</size>
         <input_file_ref idref="fl-163"/>
      </object_component>
      <object_component id="oc-fb">
         <name>.text:IntVTableBaseSet</name>
         <load_address>0x2000ad4c</load_address>
         <run_address>0x2000ad4c</run_address>
         <size>0x14</size>
         <input_file_ref idref="fl-164"/>
      </object_component>
      <object_component id="oc-1bf">
         <name>.text</name>
         <load_address>0x2000ad60</load_address>
         <run_address>0x2000ad60</run_address>
         <size>0x14</size>
         <input_file_ref idref="fl-13f"/>
      </object_component>
      <object_component id="oc-293">
         <name>.text</name>
         <load_address>0x2000ad74</load_address>
         <run_address>0x2000ad74</run_address>
         <size>0x14</size>
         <input_file_ref idref="fl-13d"/>
      </object_component>
      <object_component id="oc-223">
         <name>.text:uDMAControlBaseSet</name>
         <load_address>0x2000ad88</load_address>
         <run_address>0x2000ad88</run_address>
         <size>0x14</size>
         <input_file_ref idref="fl-168"/>
      </object_component>
      <object_component id="oc-211">
         <name>.text:uDMAIntClear</name>
         <load_address>0x2000ad9c</load_address>
         <run_address>0x2000ad9c</run_address>
         <size>0x14</size>
         <input_file_ref idref="fl-168"/>
      </object_component>
      <object_component id="oc-33c">
         <name>.text:UARTIntClear</name>
         <load_address>0x2000adb0</load_address>
         <run_address>0x2000adb0</run_address>
         <size>0x12</size>
         <input_file_ref idref="fl-167"/>
      </object_component>
      <object_component id="oc-259">
         <name>.text:uDMAIntUnregister</name>
         <load_address>0x2000adc2</load_address>
         <run_address>0x2000adc2</run_address>
         <size>0x12</size>
         <input_file_ref idref="fl-168"/>
      </object_component>
      <object_component id="oc-12">
         <name>.text:decompress:none</name>
         <load_address>0x2000add4</load_address>
         <run_address>0x2000add4</run_address>
         <size>0xe</size>
         <input_file_ref idref="fl-132"/>
      </object_component>
      <object_component id="oc-2e">
         <name>.text</name>
         <load_address>0x2000ade2</load_address>
         <run_address>0x2000ade2</run_address>
         <size>0xe</size>
         <input_file_ref idref="fl-7"/>
      </object_component>
      <object_component id="oc-1e">
         <name>.text:decompress:ZI</name>
         <load_address>0x2000adf0</load_address>
         <run_address>0x2000adf0</run_address>
         <size>0xc</size>
         <input_file_ref idref="fl-134"/>
      </object_component>
      <object_component id="oc-11c">
         <name>.text</name>
         <load_address>0x2000adfc</load_address>
         <run_address>0x2000adfc</run_address>
         <size>0xc</size>
         <input_file_ref idref="fl-6"/>
      </object_component>
      <object_component id="oc-25f">
         <name>.text:uDMADisable</name>
         <load_address>0x2000ae08</load_address>
         <run_address>0x2000ae08</run_address>
         <size>0xc</size>
         <input_file_ref idref="fl-168"/>
      </object_component>
      <object_component id="oc-21d">
         <name>.text:uDMAEnable</name>
         <load_address>0x2000ae14</load_address>
         <run_address>0x2000ae14</run_address>
         <size>0xc</size>
         <input_file_ref idref="fl-168"/>
      </object_component>
      <object_component id="oc-20b">
         <name>.text:uDMAIntStatus</name>
         <load_address>0x2000ae20</load_address>
         <run_address>0x2000ae20</run_address>
         <size>0xc</size>
         <input_file_ref idref="fl-168"/>
      </object_component>
      <object_component id="oc-101">
         <name>.text:IntMasterEnable</name>
         <load_address>0x2000ae2c</load_address>
         <run_address>0x2000ae2c</run_address>
         <size>0xa</size>
         <input_file_ref idref="fl-164"/>
      </object_component>
      <object_component id="oc-3ef">
         <name>.text:UtilsDelay</name>
         <load_address>0x2000ae36</load_address>
         <run_address>0x2000ae36</run_address>
         <size>0x6</size>
         <input_file_ref idref="fl-169"/>
      </object_component>
      <object_component id="oc-18">
         <name>.text:decompress:rle24</name>
         <load_address>0x2000ae3c</load_address>
         <run_address>0x2000ae3c</run_address>
         <size>0x6</size>
         <input_file_ref idref="fl-133"/>
      </object_component>
      <object_component id="oc-67">
         <name>.text</name>
         <load_address>0x2000ae42</load_address>
         <run_address>0x2000ae42</run_address>
         <size>0x4</size>
         <input_file_ref idref="fl-13b"/>
      </object_component>
      <object_component id="oc-539">
         <name>.const:.string:_ctypes_</name>
         <load_address>0x2000ae48</load_address>
         <run_address>0x2000ae48</run_address>
         <size>0x101</size>
         <input_file_ref idref="fl-145"/>
      </object_component>
      <object_component id="oc-1cd">
         <name>.const:g_ulPinToPadMap</name>
         <load_address>0x2000af4c</load_address>
         <run_address>0x2000af4c</run_address>
         <size>0x100</size>
         <input_file_ref idref="fl-165"/>
      </object_component>
      <object_component id="oc-451">
         <name>.const:g_pulRegs</name>
         <load_address>0x2000b04c</load_address>
         <run_address>0x2000b04c</run_address>
         <size>0xd4</size>
         <input_file_ref idref="fl-164"/>
      </object_component>
      <object_component id="oc-1d4">
         <name>.const:PRCM_PeriphRegsList</name>
         <load_address>0x2000b120</load_address>
         <run_address>0x2000b120</run_address>
         <size>0xa8</size>
         <input_file_ref idref="fl-166"/>
      </object_component>
      <object_component id="oc-1e6">
         <name>.const</name>
         <load_address>0x2000b1c8</load_address>
         <run_address>0x2000b1c8</run_address>
         <size>0x80</size>
         <input_file_ref idref="fl-164"/>
      </object_component>
      <object_component id="oc-50d">
         <name>.const</name>
         <load_address>0x2000b248</load_address>
         <run_address>0x2000b248</run_address>
         <size>0x10</size>
         <input_file_ref idref="fl-167"/>
      </object_component>
      <object_component id="oc-5d2">
         <name>.cinit..data.load</name>
         <load_address>0x2000b260</load_address>
         <run_address>0x2000b260</run_address>
         <size>0xa6</size>
      </object_component>
      <object_component id="oc-5d0">
         <name>__TI_handler_table</name>
         <load_address>0x2000b308</load_address>
         <run_address>0x2000b308</run_address>
         <size>0xc</size>
      </object_component>
      <object_component id="oc-5d3">
         <name>.cinit..bss.load</name>
         <load_address>0x2000b318</load_address>
         <run_address>0x2000b318</run_address>
         <size>0x8</size>
      </object_component>
      <object_component id="oc-5d1">
         <name>__TI_cinit_table</name>
         <load_address>0x2000b320</load_address>
         <run_address>0x2000b320</run_address>
         <size>0x10</size>
      </object_component>
      <object_component id="oc-2b">
         <name>.sysmem</name>
         <uninitialized>true</uninitialized>
         <run_address>0x20017000</run_address>
         <size>0x8</size>
         <input_file_ref idref="fl-139"/>
      </object_component>
      <object_component id="oc-5d5">
         <name>.sysmem</name>
         <uninitialized>true</uninitialized>
         <run_address>0x20017000</run_address>
         <size>0x0</size>
      </object_component>
      <object_component id="oc-2a">
         <name>.stack</name>
         <uninitialized>true</uninitialized>
         <run_address>0x2002ff00</run_address>
         <size>0x0</size>
         <input_file_ref idref="fl-131"/>
      </object_component>
      <object_component id="oc-5d4">
         <name>.stack</name>
         <uninitialized>true</uninitialized>
         <run_address>0x2002ff00</run_address>
         <size>0x0</size>
      </object_component>
      <object_component id="oc-155">
         <name>.bss</name>
         <uninitialized>true</uninitialized>
         <run_address>0x2001b5c8</run_address>
         <size>0x7c</size>
         <input_file_ref idref="fl-5"/>
      </object_component>
      <object_component id="oc-161">
         <name>.bss:bluetooth</name>
         <uninitialized>true</uninitialized>
         <run_address>0x2001b694</run_address>
         <size>0x24</size>
         <input_file_ref idref="fl-5"/>
      </object_component>
      <object_component id="oc-26b">
         <name>.bss:gfpAppCallbackHndl</name>
         <uninitialized>true</uninitialized>
         <run_address>0x2001b400</run_address>
         <size>0x100</size>
         <input_file_ref idref="fl-9"/>
      </object_component>
      <object_component id="oc-268">
         <name>.bss:gpCtlTbl</name>
         <uninitialized>true</uninitialized>
         <run_address>0x2001b000</run_address>
         <size>0x400</size>
         <input_file_ref idref="fl-9"/>
      </object_component>
      <object_component id="oc-45c">
         <name>.bss:xQueueRegistry</name>
         <uninitialized>true</uninitialized>
         <run_address>0x2001b644</run_address>
         <size>0x50</size>
         <input_file_ref idref="fl-15f"/>
      </object_component>
      <object_component id="oc-181">
         <name>.bss:pxReadyTasksLists</name>
         <uninitialized>true</uninitialized>
         <run_address>0x2001b500</run_address>
         <size>0xc8</size>
         <input_file_ref idref="fl-160"/>
      </object_component>
      <object_component id="oc-15d">
         <name>.common:DEBOUNCE_TSK_HNDLE</name>
         <uninitialized>true</uninitialized>
         <run_address>0x2001b724</run_address>
         <size>0x4</size>
      </object_component>
      <object_component id="oc-158">
         <name>.common:Button1_PTR</name>
         <uninitialized>true</uninitialized>
         <run_address>0x2001b71c</run_address>
         <size>0x4</size>
      </object_component>
      <object_component id="oc-15c">
         <name>.common:Button2_PTR</name>
         <uninitialized>true</uninitialized>
         <run_address>0x2001b720</run_address>
         <size>0x4</size>
      </object_component>
      <object_component id="oc-2a5">
         <name>.common:__Errorlog</name>
         <uninitialized>true</uninitialized>
         <run_address>0x2001b728</run_address>
         <size>0x4</size>
      </object_component>
      <object_component id="oc-265">
         <name>.common:iDone</name>
         <uninitialized>true</uninitialized>
         <run_address>0x2001b738</run_address>
         <size>0x1</size>
      </object_component>
      <object_component id="oc-15e">
         <name>.common:__dso_handle</name>
         <uninitialized>true</uninitialized>
         <run_address>0x2001b72c</run_address>
         <size>0x4</size>
      </object_component>
      <object_component id="oc-191">
         <name>.common:xDelayedTaskList1</name>
         <uninitialized>true</uninitialized>
         <run_address>0x2001b6b8</run_address>
         <size>0x14</size>
      </object_component>
      <object_component id="oc-192">
         <name>.common:xDelayedTaskList2</name>
         <uninitialized>true</uninitialized>
         <run_address>0x2001b6cc</run_address>
         <size>0x14</size>
      </object_component>
      <object_component id="oc-187">
         <name>.common:pxDelayedTaskList</name>
         <uninitialized>true</uninitialized>
         <run_address>0x2001b730</run_address>
         <size>0x4</size>
      </object_component>
      <object_component id="oc-188">
         <name>.common:pxOverflowDelayedTaskList</name>
         <uninitialized>true</uninitialized>
         <run_address>0x2001b734</run_address>
         <size>0x4</size>
      </object_component>
      <object_component id="oc-18a">
         <name>.common:xPendingReadyList</name>
         <uninitialized>true</uninitialized>
         <run_address>0x2001b6e0</run_address>
         <size>0x14</size>
      </object_component>
      <object_component id="oc-184">
         <name>.common:xTasksWaitingTermination</name>
         <uninitialized>true</uninitialized>
         <run_address>0x2001b708</run_address>
         <size>0x14</size>
      </object_component>
      <object_component id="oc-189">
         <name>.common:xSuspendedTaskList</name>
         <uninitialized>true</uninitialized>
         <run_address>0x2001b6f4</run_address>
         <size>0x14</size>
      </object_component>
      <object_component id="oc-2cd">
         <name>.data</name>
         <load_address>0x2001b8c8</load_address>
         <run_address>0x2001b8c8</run_address>
         <size>0x14</size>
         <input_file_ref idref="fl-2"/>
      </object_component>
      <object_component id="oc-378">
         <name>.data</name>
         <load_address>0x2001b8dc</load_address>
         <run_address>0x2001b8dc</run_address>
         <size>0x14</size>
         <input_file_ref idref="fl-3"/>
      </object_component>
      <object_component id="oc-113">
         <name>.data</name>
         <load_address>0x2001b8a4</load_address>
         <run_address>0x2001b8a4</run_address>
         <size>0x24</size>
         <input_file_ref idref="fl-5"/>
      </object_component>
      <object_component id="oc-328">
         <name>.data</name>
         <load_address>0x2001b924</load_address>
         <run_address>0x2001b924</run_address>
         <size>0x4</size>
         <input_file_ref idref="fl-135"/>
      </object_component>
      <object_component id="oc-cf">
         <name>.data</name>
         <load_address>0x2001b910</load_address>
         <run_address>0x2001b910</run_address>
         <size>0x8</size>
         <input_file_ref idref="fl-136"/>
      </object_component>
      <object_component id="oc-42f">
         <name>.data</name>
         <load_address>0x2001b8fc</load_address>
         <run_address>0x2001b8fc</run_address>
         <size>0xc</size>
         <input_file_ref idref="fl-139"/>
      </object_component>
      <object_component id="oc-7f">
         <name>.data</name>
         <load_address>0x2001b92c</load_address>
         <run_address>0x2001b92c</run_address>
         <size>0x4</size>
         <input_file_ref idref="fl-13c"/>
      </object_component>
      <object_component id="oc-cc">
         <name>.data</name>
         <load_address>0x2001b908</load_address>
         <run_address>0x2001b908</run_address>
         <size>0x8</size>
         <input_file_ref idref="fl-13f"/>
      </object_component>
      <object_component id="oc-553">
         <name>.data</name>
         <load_address>0x2001b7f0</load_address>
         <run_address>0x2001b7f0</run_address>
         <size>0x80</size>
         <input_file_ref idref="fl-156"/>
      </object_component>
      <object_component id="oc-55e">
         <name>.data</name>
         <load_address>0x2001b928</load_address>
         <run_address>0x2001b928</run_address>
         <size>0x4</size>
         <input_file_ref idref="fl-157"/>
      </object_component>
      <object_component id="oc-582">
         <name>.data</name>
         <load_address>0x2001b918</load_address>
         <run_address>0x2001b918</run_address>
         <size>0x8</size>
         <input_file_ref idref="fl-158"/>
      </object_component>
      <object_component id="oc-59d">
         <name>.data:sigtable</name>
         <load_address>0x2001b740</load_address>
         <run_address>0x2001b740</run_address>
         <size>0xb0</size>
         <input_file_ref idref="fl-15a"/>
      </object_component>
      <object_component id="oc-315">
         <name>.data</name>
         <load_address>0x2001b8f0</load_address>
         <run_address>0x2001b8f0</run_address>
         <size>0xc</size>
         <input_file_ref idref="fl-15c"/>
      </object_component>
      <object_component id="oc-98">
         <name>.data</name>
         <load_address>0x2001b920</load_address>
         <run_address>0x2001b920</run_address>
         <size>0x4</size>
         <input_file_ref idref="fl-15d"/>
      </object_component>
      <object_component id="oc-94">
         <name>.data</name>
         <load_address>0x2001b870</load_address>
         <run_address>0x2001b870</run_address>
         <size>0x34</size>
         <input_file_ref idref="fl-160"/>
      </object_component>
      <object_component id="oc-2fb">
         <name>.debug_info</name>
         <load_address>0x0</load_address>
         <run_address>0x0</run_address>
         <size>0x835</size>
         <input_file_ref idref="fl-2"/>
      </object_component>
      <object_component id="oc-2ce">
         <name>.debug_info</name>
         <load_address>0x835</load_address>
         <run_address>0x835</run_address>
         <size>0xd5</size>
         <input_file_ref idref="fl-2"/>
      </object_component>
      <object_component id="oc-143">
         <name>.debug_info</name>
         <load_address>0x90a</load_address>
         <run_address>0x90a</run_address>
         <size>0x13f</size>
         <input_file_ref idref="fl-2"/>
      </object_component>
      <object_component id="oc-2b4">
         <name>.debug_info</name>
         <load_address>0xa49</load_address>
         <run_address>0xa49</run_address>
         <size>0x173</size>
         <input_file_ref idref="fl-2"/>
      </object_component>
      <object_component id="oc-2bb">
         <name>.debug_info</name>
         <load_address>0xbbc</load_address>
         <run_address>0xbbc</run_address>
         <size>0x162</size>
         <input_file_ref idref="fl-2"/>
      </object_component>
      <object_component id="oc-129">
         <name>.debug_info</name>
         <load_address>0xd1e</load_address>
         <run_address>0xd1e</run_address>
         <size>0xed3</size>
         <input_file_ref idref="fl-2"/>
      </object_component>
      <object_component id="oc-16a">
         <name>.debug_info</name>
         <load_address>0x1bf1</load_address>
         <run_address>0x1bf1</run_address>
         <size>0x561</size>
         <input_file_ref idref="fl-2"/>
      </object_component>
      <object_component id="oc-387">
         <name>.debug_info</name>
         <load_address>0x2152</load_address>
         <run_address>0x2152</run_address>
         <size>0x7b</size>
         <input_file_ref idref="fl-2"/>
      </object_component>
      <object_component id="oc-165">
         <name>.debug_info</name>
         <load_address>0x21cd</load_address>
         <run_address>0x21cd</run_address>
         <size>0x8b</size>
         <input_file_ref idref="fl-2"/>
      </object_component>
      <object_component id="oc-3aa">
         <name>.debug_info</name>
         <load_address>0x2258</load_address>
         <run_address>0x2258</run_address>
         <size>0x317</size>
         <input_file_ref idref="fl-2"/>
      </object_component>
      <object_component id="oc-44b">
         <name>.debug_info</name>
         <load_address>0x256f</load_address>
         <run_address>0x256f</run_address>
         <size>0x15a</size>
         <input_file_ref idref="fl-2"/>
      </object_component>
      <object_component id="oc-480">
         <name>.debug_info</name>
         <load_address>0x26c9</load_address>
         <run_address>0x26c9</run_address>
         <size>0x2c</size>
         <input_file_ref idref="fl-2"/>
      </object_component>
      <object_component id="oc-47b">
         <name>.debug_info</name>
         <load_address>0x26f5</load_address>
         <run_address>0x26f5</run_address>
         <size>0x18b</size>
         <input_file_ref idref="fl-2"/>
      </object_component>
      <object_component id="oc-3af">
         <name>.debug_info</name>
         <load_address>0x2880</load_address>
         <run_address>0x2880</run_address>
         <size>0x2c</size>
         <input_file_ref idref="fl-2"/>
      </object_component>
      <object_component id="oc-391">
         <name>.debug_info</name>
         <load_address>0x28ac</load_address>
         <run_address>0x28ac</run_address>
         <size>0x53</size>
         <input_file_ref idref="fl-2"/>
      </object_component>
      <object_component id="oc-39b">
         <name>.debug_info</name>
         <load_address>0x28ff</load_address>
         <run_address>0x28ff</run_address>
         <size>0xa3</size>
         <input_file_ref idref="fl-2"/>
      </object_component>
      <object_component id="oc-3a0">
         <name>.debug_info</name>
         <load_address>0x29a2</load_address>
         <run_address>0x29a2</run_address>
         <size>0x7b</size>
         <input_file_ref idref="fl-2"/>
      </object_component>
      <object_component id="oc-3a5">
         <name>.debug_info</name>
         <load_address>0x2a1d</load_address>
         <run_address>0x2a1d</run_address>
         <size>0x197</size>
         <input_file_ref idref="fl-2"/>
      </object_component>
      <object_component id="oc-381">
         <name>.debug_info</name>
         <load_address>0x2bb4</load_address>
         <run_address>0x2bb4</run_address>
         <size>0x93e</size>
         <input_file_ref idref="fl-3"/>
      </object_component>
      <object_component id="oc-379">
         <name>.debug_info</name>
         <load_address>0x34f2</load_address>
         <run_address>0x34f2</run_address>
         <size>0xd4</size>
         <input_file_ref idref="fl-3"/>
      </object_component>
      <object_component id="oc-150">
         <name>.debug_info</name>
         <load_address>0x35c6</load_address>
         <run_address>0x35c6</run_address>
         <size>0x1118</size>
         <input_file_ref idref="fl-3"/>
      </object_component>
      <object_component id="oc-37c">
         <name>.debug_info</name>
         <load_address>0x46de</load_address>
         <run_address>0x46de</run_address>
         <size>0x3fe</size>
         <input_file_ref idref="fl-3"/>
      </object_component>
      <object_component id="oc-396">
         <name>.debug_info</name>
         <load_address>0x4adc</load_address>
         <run_address>0x4adc</run_address>
         <size>0x14d</size>
         <input_file_ref idref="fl-3"/>
      </object_component>
      <object_component id="oc-435">
         <name>.debug_info</name>
         <load_address>0x4c29</load_address>
         <run_address>0x4c29</run_address>
         <size>0x279</size>
         <input_file_ref idref="fl-4"/>
      </object_component>
      <object_component id="oc-40c">
         <name>.debug_info</name>
         <load_address>0x4ea2</load_address>
         <run_address>0x4ea2</run_address>
         <size>0xc8</size>
         <input_file_ref idref="fl-4"/>
      </object_component>
      <object_component id="oc-48d">
         <name>.debug_info</name>
         <load_address>0x4f6a</load_address>
         <run_address>0x4f6a</run_address>
         <size>0x62</size>
         <input_file_ref idref="fl-4"/>
      </object_component>
      <object_component id="oc-a9">
         <name>.debug_info</name>
         <load_address>0x4fcc</load_address>
         <run_address>0x4fcc</run_address>
         <size>0x84</size>
         <input_file_ref idref="fl-4"/>
      </object_component>
      <object_component id="oc-1e1">
         <name>.debug_info</name>
         <load_address>0x5050</load_address>
         <run_address>0x5050</run_address>
         <size>0x2c</size>
         <input_file_ref idref="fl-4"/>
      </object_component>
      <object_component id="oc-2a9">
         <name>.debug_info</name>
         <load_address>0x507c</load_address>
         <run_address>0x507c</run_address>
         <size>0x4e</size>
         <input_file_ref idref="fl-4"/>
      </object_component>
      <object_component id="oc-159">
         <name>.debug_info</name>
         <load_address>0x50ca</load_address>
         <run_address>0x50ca</run_address>
         <size>0xc98</size>
         <input_file_ref idref="fl-5"/>
      </object_component>
      <object_component id="oc-114">
         <name>.debug_info</name>
         <load_address>0x5d62</load_address>
         <run_address>0x5d62</run_address>
         <size>0x16b</size>
         <input_file_ref idref="fl-5"/>
      </object_component>
      <object_component id="oc-156">
         <name>.debug_info</name>
         <load_address>0x5ecd</load_address>
         <run_address>0x5ecd</run_address>
         <size>0x1a5</size>
         <input_file_ref idref="fl-5"/>
      </object_component>
      <object_component id="oc-162">
         <name>.debug_info</name>
         <load_address>0x6072</load_address>
         <run_address>0x6072</run_address>
         <size>0xc5</size>
         <input_file_ref idref="fl-5"/>
      </object_component>
      <object_component id="oc-12f">
         <name>.debug_info</name>
         <load_address>0x6137</load_address>
         <run_address>0x6137</run_address>
         <size>0x145</size>
         <input_file_ref idref="fl-5"/>
      </object_component>
      <object_component id="oc-136">
         <name>.debug_info</name>
         <load_address>0x627c</load_address>
         <run_address>0x627c</run_address>
         <size>0x225</size>
         <input_file_ref idref="fl-5"/>
      </object_component>
      <object_component id="oc-84">
         <name>.debug_info</name>
         <load_address>0x64a1</load_address>
         <run_address>0x64a1</run_address>
         <size>0x1208</size>
         <input_file_ref idref="fl-5"/>
      </object_component>
      <object_component id="oc-38c">
         <name>.debug_info</name>
         <load_address>0x76a9</load_address>
         <run_address>0x76a9</run_address>
         <size>0x160</size>
         <input_file_ref idref="fl-5"/>
      </object_component>
      <object_component id="oc-11d">
         <name>.debug_info</name>
         <load_address>0x7809</load_address>
         <run_address>0x7809</run_address>
         <size>0x11b</size>
         <input_file_ref idref="fl-6"/>
      </object_component>
      <object_component id="oc-41">
         <name>.debug_info</name>
         <load_address>0x7924</load_address>
         <run_address>0x7924</run_address>
         <size>0x16c</size>
         <input_file_ref idref="fl-7"/>
      </object_component>
      <object_component id="oc-10">
         <name>.debug_info</name>
         <load_address>0x7a90</load_address>
         <run_address>0x7a90</run_address>
         <size>0xd1</size>
         <input_file_ref idref="fl-7"/>
      </object_component>
      <object_component id="oc-2f">
         <name>.debug_info</name>
         <load_address>0x7b61</load_address>
         <run_address>0x7b61</run_address>
         <size>0x230</size>
         <input_file_ref idref="fl-7"/>
      </object_component>
      <object_component id="oc-2a6">
         <name>.debug_info</name>
         <load_address>0x7d91</load_address>
         <run_address>0x7d91</run_address>
         <size>0x324</size>
         <input_file_ref idref="fl-8"/>
      </object_component>
      <object_component id="oc-123">
         <name>.debug_info</name>
         <load_address>0x80b5</load_address>
         <run_address>0x80b5</run_address>
         <size>0x5ef</size>
         <input_file_ref idref="fl-8"/>
      </object_component>
      <object_component id="oc-2ae">
         <name>.debug_info</name>
         <load_address>0x86a4</load_address>
         <run_address>0x86a4</run_address>
         <size>0x110</size>
         <input_file_ref idref="fl-8"/>
      </object_component>
      <object_component id="oc-266">
         <name>.debug_info</name>
         <load_address>0x87b4</load_address>
         <run_address>0x87b4</run_address>
         <size>0x4e7</size>
         <input_file_ref idref="fl-9"/>
      </object_component>
      <object_component id="oc-26c">
         <name>.debug_info</name>
         <load_address>0x8c9b</load_address>
         <run_address>0x8c9b</run_address>
         <size>0xd9</size>
         <input_file_ref idref="fl-9"/>
      </object_component>
      <object_component id="oc-269">
         <name>.debug_info</name>
         <load_address>0x8d74</load_address>
         <run_address>0x8d74</run_address>
         <size>0xc5</size>
         <input_file_ref idref="fl-9"/>
      </object_component>
      <object_component id="oc-117">
         <name>.debug_info</name>
         <load_address>0x8e39</load_address>
         <run_address>0x8e39</run_address>
         <size>0xcec</size>
         <input_file_ref idref="fl-9"/>
      </object_component>
      <object_component id="oc-407">
         <name>.debug_info</name>
         <load_address>0x9b25</load_address>
         <run_address>0x9b25</run_address>
         <size>0x86</size>
         <input_file_ref idref="fl-9"/>
      </object_component>
      <object_component id="oc-26f">
         <name>.debug_info</name>
         <load_address>0x9bab</load_address>
         <run_address>0x9bab</run_address>
         <size>0x2c</size>
         <input_file_ref idref="fl-9"/>
      </object_component>
      <object_component id="oc-25">
         <name>.debug_info</name>
         <load_address>0x9bd7</load_address>
         <run_address>0x9bd7</run_address>
         <size>0x11e</size>
         <input_file_ref idref="fl-131"/>
      </object_component>
      <object_component id="oc-4d">
         <name>.debug_info</name>
         <load_address>0x9cf5</load_address>
         <run_address>0x9cf5</run_address>
         <size>0x109</size>
         <input_file_ref idref="fl-132"/>
      </object_component>
      <object_component id="oc-15">
         <name>.debug_info</name>
         <load_address>0x9dfe</load_address>
         <run_address>0x9dfe</run_address>
         <size>0x1a8</size>
         <input_file_ref idref="fl-132"/>
      </object_component>
      <object_component id="oc-48">
         <name>.debug_info</name>
         <load_address>0x9fa6</load_address>
         <run_address>0x9fa6</run_address>
         <size>0x46</size>
         <input_file_ref idref="fl-132"/>
      </object_component>
      <object_component id="oc-af">
         <name>.debug_info</name>
         <load_address>0x9fec</load_address>
         <run_address>0x9fec</run_address>
         <size>0x2c</size>
         <input_file_ref idref="fl-132"/>
      </object_component>
      <object_component id="oc-55">
         <name>.debug_info</name>
         <load_address>0xa018</load_address>
         <run_address>0xa018</run_address>
         <size>0xfd</size>
         <input_file_ref idref="fl-133"/>
      </object_component>
      <object_component id="oc-50">
         <name>.debug_info</name>
         <load_address>0xa115</load_address>
         <run_address>0xa115</run_address>
         <size>0x210</size>
         <input_file_ref idref="fl-133"/>
      </object_component>
      <object_component id="oc-1b">
         <name>.debug_info</name>
         <load_address>0xa325</load_address>
         <run_address>0xa325</run_address>
         <size>0x1a2</size>
         <input_file_ref idref="fl-133"/>
      </object_component>
      <object_component id="oc-56">
         <name>.debug_info</name>
         <load_address>0xa4c7</load_address>
         <run_address>0xa4c7</run_address>
         <size>0x39</size>
         <input_file_ref idref="fl-133"/>
      </object_component>
      <object_component id="oc-b9">
         <name>.debug_info</name>
         <load_address>0xa500</load_address>
         <run_address>0xa500</run_address>
         <size>0x2c</size>
         <input_file_ref idref="fl-133"/>
      </object_component>
      <object_component id="oc-66">
         <name>.debug_info</name>
         <load_address>0xa52c</load_address>
         <run_address>0xa52c</run_address>
         <size>0xf8</size>
         <input_file_ref idref="fl-134"/>
      </object_component>
      <object_component id="oc-22">
         <name>.debug_info</name>
         <load_address>0xa624</load_address>
         <run_address>0xa624</run_address>
         <size>0x173</size>
         <input_file_ref idref="fl-134"/>
      </object_component>
      <object_component id="oc-61">
         <name>.debug_info</name>
         <load_address>0xa797</load_address>
         <run_address>0xa797</run_address>
         <size>0x46</size>
         <input_file_ref idref="fl-134"/>
      </object_component>
      <object_component id="oc-15f">
         <name>.debug_info</name>
         <load_address>0xa7dd</load_address>
         <run_address>0xa7dd</run_address>
         <size>0x202</size>
         <input_file_ref idref="fl-135"/>
      </object_component>
      <object_component id="oc-329">
         <name>.debug_info</name>
         <load_address>0xa9df</load_address>
         <run_address>0xa9df</run_address>
         <size>0xe6</size>
         <input_file_ref idref="fl-135"/>
      </object_component>
      <object_component id="oc-14b">
         <name>.debug_info</name>
         <load_address>0xaac5</load_address>
         <run_address>0xaac5</run_address>
         <size>0x560</size>
         <input_file_ref idref="fl-135"/>
      </object_component>
      <object_component id="oc-32c">
         <name>.debug_info</name>
         <load_address>0xb025</load_address>
         <run_address>0xb025</run_address>
         <size>0x46</size>
         <input_file_ref idref="fl-135"/>
      </object_component>
      <object_component id="oc-3b6">
         <name>.debug_info</name>
         <load_address>0xb06b</load_address>
         <run_address>0xb06b</run_address>
         <size>0x2c</size>
         <input_file_ref idref="fl-135"/>
      </object_component>
      <object_component id="oc-331">
         <name>.debug_info</name>
         <load_address>0xb097</load_address>
         <run_address>0xb097</run_address>
         <size>0xa3</size>
         <input_file_ref idref="fl-135"/>
      </object_component>
      <object_component id="oc-d3">
         <name>.debug_info</name>
         <load_address>0xb13a</load_address>
         <run_address>0xb13a</run_address>
         <size>0x15a</size>
         <input_file_ref idref="fl-136"/>
      </object_component>
      <object_component id="oc-d0">
         <name>.debug_info</name>
         <load_address>0xb294</load_address>
         <run_address>0xb294</run_address>
         <size>0xff</size>
         <input_file_ref idref="fl-136"/>
      </object_component>
      <object_component id="oc-7d">
         <name>.debug_info</name>
         <load_address>0xb393</load_address>
         <run_address>0xb393</run_address>
         <size>0x1d6</size>
         <input_file_ref idref="fl-136"/>
      </object_component>
      <object_component id="oc-45">
         <name>.debug_info</name>
         <load_address>0xb569</load_address>
         <run_address>0xb569</run_address>
         <size>0xe0</size>
         <input_file_ref idref="fl-137"/>
      </object_component>
      <object_component id="oc-42e">
         <name>.debug_info</name>
         <load_address>0xb649</load_address>
         <run_address>0xb649</run_address>
         <size>0xf5</size>
         <input_file_ref idref="fl-138"/>
      </object_component>
      <object_component id="oc-29b">
         <name>.debug_info</name>
         <load_address>0xb73e</load_address>
         <run_address>0xb73e</run_address>
         <size>0x174</size>
         <input_file_ref idref="fl-138"/>
      </object_component>
      <object_component id="oc-8b">
         <name>.debug_info</name>
         <load_address>0xb8b2</load_address>
         <run_address>0xb8b2</run_address>
         <size>0x1eb</size>
         <input_file_ref idref="fl-139"/>
      </object_component>
      <object_component id="oc-2c">
         <name>.debug_info</name>
         <load_address>0xba9d</load_address>
         <run_address>0xba9d</run_address>
         <size>0xca</size>
         <input_file_ref idref="fl-139"/>
      </object_component>
      <object_component id="oc-430">
         <name>.debug_info</name>
         <load_address>0xbb67</load_address>
         <run_address>0xbb67</run_address>
         <size>0x115</size>
[...]
         <name>xQueueGenericSend</name>
         <value>0x200068a5</value>
         <object_component_ref idref="oc-30f"/>
      </symbol>
      <symbol id="sm-9c5">
         <name>xQueueGenericReset</name>
         <value>0x20006701</value>
         <object_component_ref idref="oc-30f"/>
      </symbol>
      <symbol id="sm-9c6">
         <name>xQueueReceiveFromISR</name>
         <value>0x20006d39</value>
         <object_component_ref idref="oc-30f"/>
      </symbol>
      <symbol id="sm-9c7">
         <name>uxQueueSpacesAvailable</name>
         <value>0x20006e0b</value>
         <object_component_ref idref="oc-30f"/>
      </symbol>
      <symbol id="sm-9c8">
         <name>xQueueRegistry</name>
         <value>0x2001b644</value>
         <object_component_ref idref="oc-45c"/>
      </symbol>
      <symbol id="sm-9c9">
         <name>vQueueUnregisterQueue</name>
         <value>0x200070dd</value>
         <object_component_ref idref="oc-30f"/>
      </symbol>
      <symbol id="sm-9ca">
         <name>xQueueAltGenericReceive</name>
         <value>0x20006a5d</value>
         <object_component_ref idref="oc-30f"/>
      </symbol>
      <symbol id="sm-9cb">
         <name>uxQueueMessagesWaitingFromISR</name>
         <value>0x20006e2b</value>
         <object_component_ref idref="oc-30f"/>
      </symbol>
      <symbol id="sm-9cc">
         <name>uxQueueGetQueueNumber</name>
         <value>0x20006e61</value>
         <object_component_ref idref="oc-30f"/>
      </symbol>
      <symbol id="sm-9cd">
         <name>xQueueGenericReceive</name>
         <value>0x20006bf7</value>
         <object_component_ref idref="oc-30f"/>
      </symbol>
      <symbol id="sm-9ce">
         <name>xQueueCreateCountingSemaphore</name>
         <value>0x20006885</value>
         <object_component_ref idref="oc-30f"/>
      </symbol>
      <symbol id="sm-9cf">
         <name>vQueueDelete</name>
         <value>0x20006e3d</value>
         <object_component_ref idref="oc-30f"/>
      </symbol>
      <symbol id="sm-9d0">
         <name>xQueueAddToSet</name>
         <value>0x2000712b</value>
         <object_component_ref idref="oc-30f"/>
      </symbol>
      <symbol id="sm-9d1">
         <name>xQueueAltGenericSend</name>
         <value>0x200069b1</value>
         <object_component_ref idref="oc-30f"/>
      </symbol>
      <symbol id="sm-9d2">
         <name>xQueueCreateSet</name>
         <value>0x20007117</value>
         <object_component_ref idref="oc-30f"/>
      </symbol>
      <symbol id="sm-9d3">
         <name>xQueueRemoveFromSet</name>
         <value>0x2000715f</value>
         <object_component_ref idref="oc-30f"/>
      </symbol>
      <symbol id="sm-9d4">
         <name>ucQueueGetQueueType</name>
         <value>0x20006e81</value>
         <object_component_ref idref="oc-30f"/>
      </symbol>
      <symbol id="sm-b44">
         <name>vTaskDelay</name>
         <value>0x2000463b</value>
         <object_component_ref idref="oc-8e"/>
      </symbol>
      <symbol id="sm-b45">
         <name>vTaskSuspendAll</name>
         <value>0x20004a9f</value>
         <object_component_ref idref="oc-8e"/>
      </symbol>
      <symbol id="sm-b46">
         <name>vTaskPriorityInherit</name>
         <value>0x200054dd</value>
         <object_component_ref idref="oc-8e"/>
      </symbol>
      <symbol id="sm-b47">
         <name>vTaskPlaceOnEventList</name>
         <value>0x20004e51</value>
         <object_component_ref idref="oc-8e"/>
      </symbol>
      <symbol id="sm-b48">
         <name>vTaskSetTaskNumber</name>
         <value>0x200050e9</value>
         <object_component_ref idref="oc-8e"/>
      </symbol>
      <symbol id="sm-b49">
         <name>xTaskCheckForTimeOut</name>
         <value>0x20005041</value>
         <object_component_ref idref="oc-8e"/>
      </symbol>
      <symbol id="sm-b4a">
         <name>xTaskRemoveFromUnorderedEventList</name>
         <value>0x20004fad</value>
         <object_component_ref idref="oc-8e"/>
      </symbol>
      <symbol id="sm-b4b">
         <name>vTaskPrioritySet</name>
         <value>0x2000475d</value>
         <object_component_ref idref="oc-8e"/>
      </symbol>
      <symbol id="sm-b4c">
         <name>vTaskStartScheduler</name>
         <value>0x20004a43</value>
         <object_component_ref idref="oc-8e"/>
      </symbol>
      <symbol id="sm-b4d">
         <name>pcTaskGetTaskName</name>
         <value>0x20004bb5</value>
         <object_component_ref idref="oc-8e"/>
      </symbol>
      <symbol id="sm-b4e">
         <name>vTaskPriorityDisinherit</name>
         <value>0x20005597</value>
         <object_component_ref idref="oc-8e"/>
      </symbol>
      <symbol id="sm-b4f">
         <name>vTaskDelayUntil</name>
         <value>0x2000459f</value>
         <object_component_ref idref="oc-8e"/>
      </symbol>
      <symbol id="sm-b50">
         <name>uxTaskGetTaskNumber</name>
         <value>0x200050c9</value>
         <object_component_ref idref="oc-8e"/>
      </symbol>
      <symbol id="sm-b51">
         <name>vTaskEndScheduler</name>
         <value>0x20004a8d</value>
         <object_component_ref idref="oc-8e"/>
      </symbol>
      <symbol id="sm-b52">
         <name>vTaskMissedYield</name>
         <value>0x200050bb</value>
         <object_component_ref idref="oc-8e"/>
      </symbol>
      <symbol id="sm-b53">
         <name>uxTaskGetNumberOfTasks</name>
         <value>0x20004ba9</value>
         <object_component_ref idref="oc-8e"/>
      </symbol>
      <symbol id="sm-b54">
         <name>uxTaskPriorityGet</name>
         <value>0x20004725</value>
         <object_component_ref idref="oc-8e"/>
      </symbol>
      <symbol id="sm-b55">
         <name>xTaskResumeAll</name>
         <value>0x20004ab1</value>
         <object_component_ref idref="oc-8e"/>
      </symbol>
      <symbol id="sm-b56">
         <name>xTaskGetTickCount</name>
         <value>0x20004b7d</value>
         <object_component_ref idref="oc-8e"/>
      </symbol>
      <symbol id="sm-b57">
         <name>xTaskGenericCreate</name>
         <value>0x20004401</value>
         <object_component_ref idref="oc-8e"/>
      </symbol>
      <symbol id="sm-b58">
         <name>uxTaskGetSystemState</name>
         <value>0x20004bd9</value>
         <object_component_ref idref="oc-8e"/>
      </symbol>
      <symbol id="sm-b59">
         <name>vTaskDelete</name>
         <value>0x2000450f</value>
         <object_component_ref idref="oc-8e"/>
      </symbol>
      <symbol id="sm-b5a">
         <name>pxCurrentTCB</name>
         <value>0x2001b870</value>
         <object_component_ref idref="oc-94"/>
      </symbol>
      <symbol id="sm-b5b">
         <name>eTaskGetState</name>
         <value>0x20004691</value>
         <object_component_ref idref="oc-8e"/>
      </symbol>
      <symbol id="sm-b5c">
         <name>vTaskSuspend</name>
         <value>0x20004861</value>
         <object_component_ref idref="oc-8e"/>
      </symbol>
      <symbol id="sm-b5d">
         <name>xTaskGetIdleTaskHandle</name>
         <value>0x20004c97</value>
         <object_component_ref idref="oc-8e"/>
      </symbol>
      <symbol id="sm-b5e">
         <name>xTaskGetTickCountFromISR</name>
         <value>0x20004b91</value>
         <object_component_ref idref="oc-8e"/>
      </symbol>
      <symbol id="sm-b5f">
         <name>vTaskResume</name>
         <value>0x20004955</value>
         <object_component_ref idref="oc-8e"/>
      </symbol>
      <symbol id="sm-b60">
         <name>vTaskSetTimeOutState</name>
         <value>0x2000501b</value>
         <object_component_ref idref="oc-8e"/>
      </symbol>
      <symbol id="sm-b61">
         <name>xTaskIncrementTick</name>
         <value>0x20004cb5</value>
         <object_component_ref idref="oc-8e"/>
      </symbol>
      <symbol id="sm-b62">
         <name>vTaskSwitchContext</name>
         <value>0x20004dd1</value>
         <object_component_ref idref="oc-8e"/>
      </symbol>
      <symbol id="sm-b63">
         <name>uxTaskResetEventItemValue</name>
         <value>0x20005621</value>
         <object_component_ref idref="oc-8e"/>
      </symbol>
      <symbol id="sm-b64">
         <name>xTaskGetSchedulerState</name>
         <value>0x200054a5</value>
         <object_component_ref idref="oc-8e"/>
      </symbol>
      <symbol id="sm-b65">
         <name>xTaskResumeFromISR</name>
         <value>0x200049c9</value>
         <object_component_ref idref="oc-8e"/>
      </symbol>
      <symbol id="sm-b66">
         <name>xTaskGetCurrentTaskHandle</name>
         <value>0x20005491</value>
         <object_component_ref idref="oc-8e"/>
      </symbol>
      <symbol id="sm-b67">
         <name>vTaskPlaceOnUnorderedEventList</name>
         <value>0x20004eb5</value>
         <object_component_ref idref="oc-8e"/>
      </symbol>
      <symbol id="sm-b68">
         <name>xTaskRemoveFromEventList</name>
         <value>0x20004f25</value>
         <object_component_ref idref="oc-8e"/>
      </symbol>
      <symbol id="sm-b78">
         <name>pvPortMalloc</name>
         <value>0x2000a79f</value>
         <object_component_ref idref="oc-18b"/>
      </symbol>
      <symbol id="sm-b79">
         <name>vPortFree</name>
         <value>0x2000a7bf</value>
         <object_component_ref idref="oc-18b"/>
      </symbol>
      <symbol id="sm-b8f">
         <name>uxListRemove</name>
         <value>0x2000933b</value>
         <object_component_ref idref="oc-17b"/>
      </symbol>
      <symbol id="sm-b90">
         <name>vListInsert</name>
         <value>0x200092d5</value>
         <object_component_ref idref="oc-17b"/>
      </symbol>
      <symbol id="sm-b91">
         <name>vListInitialiseItem</name>
         <value>0x20009289</value>
         <object_component_ref idref="oc-17b"/>
      </symbol>
      <symbol id="sm-b92">
         <name>vListInsertEnd</name>
         <value>0x20009299</value>
         <object_component_ref idref="oc-17b"/>
      </symbol>
      <symbol id="sm-b93">
         <name>vListInitialise</name>
         <value>0x20009259</value>
         <object_component_ref idref="oc-17b"/>
      </symbol>
      <symbol id="sm-bfb">
         <name>GPIOIntRegister</name>
         <value>0x2000aac1</value>
         <object_component_ref idref="oc-2dc"/>
      </symbol>
      <symbol id="sm-bfc">
         <name>GPIOIntDisable</name>
         <value>0x2000aba9</value>
         <object_component_ref idref="oc-2e8"/>
      </symbol>
      <symbol id="sm-bfd">
         <name>GPIOIntEnable</name>
         <value>0x2000abc3</value>
         <object_component_ref idref="oc-2e2"/>
      </symbol>
      <symbol id="sm-bfe">
         <name>GPIOIntTypeSet</name>
         <value>0x20009e9d</value>
         <object_component_ref idref="oc-2d6"/>
      </symbol>
      <symbol id="sm-bff">
         <name>GPIOIntClear</name>
         <value>0x2000ad37</value>
         <object_component_ref idref="oc-2c7"/>
      </symbol>
      <symbol id="sm-c00">
         <name>GPIOIntStatus</name>
         <value>0x2000aa19</value>
         <object_component_ref idref="oc-2c1"/>
      </symbol>
      <symbol id="sm-c01">
         <name>GPIOPinRead</name>
         <value>0x2000abf7</value>
         <object_component_ref idref="oc-e9"/>
      </symbol>
      <symbol id="sm-c02">
         <name>GPIODirModeSet</name>
         <value>0x2000a7d7</value>
         <object_component_ref idref="oc-f5"/>
      </symbol>
      <symbol id="sm-c03">
         <name>GPIOPinWrite</name>
         <value>0x2000aa7f</value>
         <object_component_ref idref="oc-e3"/>
      </symbol>
      <symbol id="sm-c89">
         <name>IntPendClear</name>
         <value>0x2000a215</value>
         <object_component_ref idref="oc-2f4"/>
      </symbol>
      <symbol id="sm-c8a">
         <name>IntPrioritySet</name>
         <value>0x2000a31d</value>
         <object_component_ref idref="oc-303"/>
      </symbol>
      <symbol id="sm-c8b">
         <name>IntVTableBaseSet</name>
         <value>0x2000ad4d</value>
         <object_component_ref idref="oc-fb"/>
      </symbol>
      <symbol id="sm-c8c">
         <name>IntEnable</name>
         <value>0x20009aa9</value>
         <object_component_ref idref="oc-107"/>
      </symbol>
      <symbol id="sm-c8d">
         <name>IntDisable</name>
         <value>0x20009a01</value>
         <object_component_ref idref="oc-2ee"/>
      </symbol>
      <symbol id="sm-c8e">
         <name>IntRegister</name>
         <value>0x2000aaa1</value>
         <object_component_ref idref="oc-2fd"/>
      </symbol>
      <symbol id="sm-c8f">
         <name>IntUnregister</name>
         <value>0x2000a9ad</value>
         <object_component_ref idref="oc-309"/>
      </symbol>
      <symbol id="sm-c90">
         <name>IntMasterEnable</name>
         <value>0x2000ae2d</value>
         <object_component_ref idref="oc-101"/>
      </symbol>
      <symbol id="sm-cc7">
         <name>PinTypeUART</name>
         <value>0x2000abdd</value>
         <object_component_ref idref="oc-348"/>
      </symbol>
      <symbol id="sm-cc8">
         <name>PinTypeGPIO</name>
         <value>0x2000a841</value>
         <object_component_ref idref="oc-2d0"/>
      </symbol>
      <symbol id="sm-cc9">
         <name>PinConfigSet</name>
         <value>0x20009c81</value>
         <object_component_ref idref="oc-d7"/>
      </symbol>
      <symbol id="sm-cca">
         <name>PinModeSet</name>
         <value>0x2000a5f9</value>
         <object_component_ref idref="oc-dd"/>
      </symbol>
      <symbol id="sm-d4c">
         <name>PRCMPeripheralReset</name>
         <value>0x2000a26d</value>
         <object_component_ref idref="oc-1f6"/>
      </symbol>
      <symbol id="sm-d4d">
         <name>PRCMPeripheralClkEnable</name>
         <value>0x2000a679</value>
         <object_component_ref idref="oc-ef"/>
      </symbol>
      <symbol id="sm-d4e">
         <name>PRCMPeripheralClockGet</name>
         <value>0x20009bed</value>
         <object_component_ref idref="oc-275"/>
      </symbol>
      <symbol id="sm-d4f">
         <name>PRCMCC3200MCUInit</name>
         <value>0x20009125</value>
         <object_component_ref idref="oc-10d"/>
      </symbol>
      <symbol id="sm-d50">
         <name>PRCMHIBRegWrite</name>
         <value>0x2000ac9f</value>
         <object_component_ref idref="oc-1f0"/>
      </symbol>
      <symbol id="sm-d51">
         <name>PRCMSysResetCauseGet</name>
         <value>0x2000a92d</value>
         <object_component_ref idref="oc-202"/>
      </symbol>
      <symbol id="sm-d52">
         <name>PRCMPeripheralClkDisable</name>
         <value>0x2000a985</value>
         <object_component_ref idref="oc-1fc"/>
      </symbol>
      <symbol id="sm-d53">
         <name>PRCMHIBRegRead</name>
         <value>0x2000ac89</value>
         <object_component_ref idref="oc-1ea"/>
      </symbol>
      <symbol id="sm-de0">
         <name>UARTDMAEnable</name>
         <value>0x2000ac0f</value>
         <object_component_ref idref="oc-35a"/>
      </symbol>
      <symbol id="sm-de1">
         <name>UARTFIFODisable</name>
         <value>0x2000accb</value>
         <object_component_ref idref="oc-372"/>
      </symbol>
      <symbol id="sm-de2">
         <name>UARTConfigSetExpClk</name>
         <value>0x20009f99</value>
         <object_component_ref idref="oc-27b"/>
      </symbol>
      <symbol id="sm-de3">
         <name>UARTDisable</name>
         <value>0x2000a871</value>
         <object_component_ref idref="oc-36c"/>
      </symbol>
      <symbol id="sm-de4">
         <name>UARTIntEnable</name>
         <value>0x2000ac3f</value>
         <object_component_ref idref="oc-342"/>
      </symbol>
      <symbol id="sm-de5">
         <name>UARTCharPut</name>
         <value>0x2000aadf</value>
         <object_component_ref idref="oc-281"/>
      </symbol>
      <symbol id="sm-de6">
         <name>UARTEnable</name>
         <value>0x2000a9d1</value>
         <object_component_ref idref="oc-366"/>
      </symbol>
      <symbol id="sm-de7">
         <name>UARTFIFOEnable</name>
         <value>0x2000ace1</value>
         <object_component_ref idref="oc-360"/>
      </symbol>
      <symbol id="sm-de8">
         <name>UARTIntClear</name>
         <value>0x2000adb1</value>
         <object_component_ref idref="oc-33c"/>
      </symbol>
      <symbol id="sm-de9">
         <name>UARTIntStatus</name>
         <value>0x2000ab1b</value>
         <object_component_ref idref="oc-336"/>
      </symbol>
      <symbol id="sm-dea">
         <name>UARTCharGet</name>
         <value>0x2000acb5</value>
         <object_component_ref idref="oc-28d"/>
      </symbol>
      <symbol id="sm-deb">
         <name>UARTFIFOLevelSet</name>
         <value>0x2000ac27</value>
         <object_component_ref idref="oc-354"/>
      </symbol>
      <symbol id="sm-dec">
         <name>UARTIntRegister</name>
         <value>0x2000aafd</value>
         <object_component_ref idref="oc-34e"/>
      </symbol>
      <symbol id="sm-e99">
         <name>uDMAChannelControlSet</name>
         <value>0x2000a6f1</value>
         <object_component_ref idref="oc-235"/>
      </symbol>
      <symbol id="sm-e9a">
         <name>uDMAIntClear</name>
         <value>0x2000ad9d</value>
         <object_component_ref idref="oc-211"/>
      </symbol>
      <symbol id="sm-e9b">
         <name>uDMAChannelDisable</name>
         <value>0x2000ab55</value>
         <object_component_ref idref="oc-253"/>
      </symbol>
      <symbol id="sm-e9c">
         <name>uDMAIntUnregister</name>
         <value>0x2000adc3</value>
         <object_component_ref idref="oc-259"/>
      </symbol>
      <symbol id="sm-e9d">
         <name>uDMAChannelAttributeEnable</name>
         <value>0x2000a1b1</value>
         <object_component_ref idref="oc-23b"/>
      </symbol>
      <symbol id="sm-e9e">
         <name>uDMADisable</name>
         <value>0x2000ae09</value>
         <object_component_ref idref="oc-25f"/>
      </symbol>
      <symbol id="sm-e9f">
         <name>uDMAChannelTransferSet</name>
         <value>0x20009795</value>
         <object_component_ref idref="oc-241"/>
      </symbol>
      <symbol id="sm-ea0">
         <name>uDMAIntStatus</name>
         <value>0x2000ae21</value>
         <object_component_ref idref="oc-20b"/>
      </symbol>
      <symbol id="sm-ea1">
         <name>uDMAChannelAssign</name>
         <value>0x2000a409</value>
         <object_component_ref idref="oc-229"/>
      </symbol>
      <symbol id="sm-ea2">
         <name>uDMAIntRegister</name>
         <value>0x2000ad0d</value>
         <object_component_ref idref="oc-217"/>
      </symbol>
      <symbol id="sm-ea3">
         <name>uDMAEnable</name>
         <value>0x2000ae15</value>
         <object_component_ref idref="oc-21d"/>
      </symbol>
      <symbol id="sm-ea4">
         <name>uDMAControlBaseSet</name>
         <value>0x2000ad89</value>
         <object_component_ref idref="oc-223"/>
      </symbol>
      <symbol id="sm-ea5">
         <name>uDMAChannelAttributeDisable</name>
         <value>0x2000a14d</value>
         <object_component_ref idref="oc-22f"/>
      </symbol>
      <symbol id="sm-ea6">
         <name>uDMAChannelEnable</name>
         <value>0x2000ab71</value>
         <object_component_ref idref="oc-247"/>
      </symbol>
      <symbol id="sm-ea7">
         <name>uDMAChannelRequest</name>
         <value>0x2000ab8d</value>
         <object_component_ref idref="oc-24d"/>
      </symbol>
      <symbol id="sm-eab">
         <name>UtilsDelay</name>
         <value>0x2000ae37</value>
         <object_component_ref idref="oc-3ef"/>
      </symbol>
      <symbol id="sm-eb5">
         <name>CPUcpsie</name>
         <value>0x2000ad23</value>
         <object_component_ref idref="oc-1da"/>
      </symbol>
      <symbol id="sm-ebb">
         <name>__TI_static_base__</name>
         <value>0x2000b260</value>
      </symbol>
   </symbol_table>
   <title>Link successful</title>
</link_info>
